[0.479s] DEBUG:colcon:Command line arguments: ['/usr/bin/colcon', 'build']
[0.480s] DEBUG:colcon:Parsed command line arguments: Namespace(log_base=None, log_level=None, verb_name='build', build_base='build', install_base='install', merge_install=False, symlink_install=False, test_result_base=None, continue_on_error=False, executor='parallel', parallel_workers=4, event_handlers=None, ignore_user_meta=False, metas=['./colcon.meta'], base_paths=['.'], packages_ignore=None, packages_ignore_regex=None, paths=None, packages_up_to=None, packages_up_to_regex=None, packages_above=None, packages_above_and_dependencies=None, packages_above_depth=None, packages_select_by_dep=None, packages_skip_by_dep=None, packages_skip_up_to=None, packages_select_build_failed=False, packages_skip_build_finished=False, packages_select_test_failures=False, packages_skip_test_passed=False, packages_select=None, packages_skip=None, packages_select_regex=None, packages_skip_regex=None, packages_start=None, packages_end=None, allow_overriding=[], cmake_args=None, cmake_target=None, cmake_target_skip_unavailable=False, cmake_clean_cache=False, cmake_clean_first=False, cmake_force_configure=False, ament_cmake_args=None, catkin_cmake_args=None, catkin_skip_building_tests=False, verb_parser=<colcon_defaults.argument_parser.defaults.DefaultArgumentsDecorator object at 0xffffa3ab9190>, verb_extension=<colcon_core.verb.build.BuildVerb object at 0xffffa3c69d60>, main=<bound method BuildVerb.main of <colcon_core.verb.build.BuildVerb object at 0xffffa3c69d60>>)
[0.664s] Level 1:colcon.colcon_core.package_discovery:discover_packages(colcon_meta) check parameters
[0.664s] Level 1:colcon.colcon_core.package_discovery:discover_packages(recursive) check parameters
[0.665s] Level 1:colcon.colcon_core.package_discovery:discover_packages(ignore) check parameters
[0.665s] Level 1:colcon.colcon_core.package_discovery:discover_packages(path) check parameters
[0.665s] Level 1:colcon.colcon_core.package_discovery:discover_packages(colcon_meta) discover
[0.665s] Level 1:colcon.colcon_core.package_discovery:discover_packages(recursive) discover
[0.665s] INFO:colcon.colcon_core.package_discovery:Crawling recursively for packages in '/home/captainp/brain_captainp/src'
[0.666s] Level 1:colcon.colcon_core.package_identification:_identify(.) by extensions ['ignore', 'ignore_ament_install']
[0.666s] Level 1:colcon.colcon_core.package_identification:_identify(.) by extension 'ignore'
[0.666s] Level 1:colcon.colcon_core.package_identification:_identify(.) by extension 'ignore_ament_install'
[0.667s] Level 1:colcon.colcon_core.package_identification:_identify(.) by extensions ['colcon_pkg']
[0.667s] Level 1:colcon.colcon_core.package_identification:_identify(.) by extension 'colcon_pkg'
[0.667s] Level 1:colcon.colcon_core.package_identification:_identify(.) by extensions ['colcon_meta']
[0.667s] Level 1:colcon.colcon_core.package_identification:_identify(.) by extension 'colcon_meta'
[0.667s] Level 1:colcon.colcon_core.package_identification:_identify(.) by extensions ['ros']
[0.667s] Level 1:colcon.colcon_core.package_identification:_identify(.) by extension 'ros'
[0.784s] Level 1:colcon.colcon_core.package_identification:_identify(.) by extensions ['cmake', 'python']
[0.784s] Level 1:colcon.colcon_core.package_identification:_identify(.) by extension 'cmake'
[0.784s] Level 1:colcon.colcon_core.package_identification:_identify(.) by extension 'python'
[0.785s] Level 1:colcon.colcon_core.package_identification:_identify(.) by extensions ['python_setup_py']
[0.785s] Level 1:colcon.colcon_core.package_identification:_identify(.) by extension 'python_setup_py'
[0.786s] Level 1:colcon.colcon_core.package_identification:_identify(build) by extensions ['ignore', 'ignore_ament_install']
[0.786s] Level 1:colcon.colcon_core.package_identification:_identify(build) by extension 'ignore'
[0.786s] Level 1:colcon.colcon_core.package_identification:_identify(build) ignored
[0.787s] Level 1:colcon.colcon_core.package_identification:_identify(install) by extensions ['ignore', 'ignore_ament_install']
[0.787s] Level 1:colcon.colcon_core.package_identification:_identify(install) by extension 'ignore'
[0.787s] Level 1:colcon.colcon_core.package_identification:_identify(install) ignored
[0.788s] Level 1:colcon.colcon_core.package_identification:_identify(log) by extensions ['ignore', 'ignore_ament_install']
[0.788s] Level 1:colcon.colcon_core.package_identification:_identify(log) by extension 'ignore'
[0.789s] Level 1:colcon.colcon_core.package_identification:_identify(log) ignored
[0.789s] Level 1:colcon.colcon_core.package_identification:_identify(pingui_controller) by extensions ['ignore', 'ignore_ament_install']
[0.790s] Level 1:colcon.colcon_core.package_identification:_identify(pingui_controller) by extension 'ignore'
[0.790s] Level 1:colcon.colcon_core.package_identification:_identify(pingui_controller) by extension 'ignore_ament_install'
[0.790s] Level 1:colcon.colcon_core.package_identification:_identify(pingui_controller) by extensions ['colcon_pkg']
[0.790s] Level 1:colcon.colcon_core.package_identification:_identify(pingui_controller) by extension 'colcon_pkg'
[0.790s] Level 1:colcon.colcon_core.package_identification:_identify(pingui_controller) by extensions ['colcon_meta']
[0.791s] Level 1:colcon.colcon_core.package_identification:_identify(pingui_controller) by extension 'colcon_meta'
[0.791s] Level 1:colcon.colcon_core.package_identification:_identify(pingui_controller) by extensions ['ros']
[0.791s] Level 1:colcon.colcon_core.package_identification:_identify(pingui_controller) by extension 'ros'
[0.805s] DEBUG:colcon.colcon_core.package_identification:Package 'pingui_controller' with type 'ros.ament_python' and name 'pingui_controller'
[0.806s] Level 1:colcon.colcon_core.package_identification:_identify(sensores) by extensions ['ignore', 'ignore_ament_install']
[0.806s] Level 1:colcon.colcon_core.package_identification:_identify(sensores) by extension 'ignore'
[0.806s] Level 1:colcon.colcon_core.package_identification:_identify(sensores) by extension 'ignore_ament_install'
[0.807s] Level 1:colcon.colcon_core.package_identification:_identify(sensores) by extensions ['colcon_pkg']
[0.807s] Level 1:colcon.colcon_core.package_identification:_identify(sensores) by extension 'colcon_pkg'
[0.807s] Level 1:colcon.colcon_core.package_identification:_identify(sensores) by extensions ['colcon_meta']
[0.807s] Level 1:colcon.colcon_core.package_identification:_identify(sensores) by extension 'colcon_meta'
[0.807s] Level 1:colcon.colcon_core.package_identification:_identify(sensores) by extensions ['ros']
[0.807s] Level 1:colcon.colcon_core.package_identification:_identify(sensores) by extension 'ros'
[0.809s] DEBUG:colcon.colcon_core.package_identification:Package 'sensores' with type 'ros.ament_python' and name 'sensores'
[0.810s] Level 1:colcon.colcon_core.package_discovery:discover_packages(recursive) using defaults
[0.810s] Level 1:colcon.colcon_core.package_discovery:discover_packages(ignore) discover
[0.810s] Level 1:colcon.colcon_core.package_discovery:discover_packages(ignore) using defaults
[0.810s] Level 1:colcon.colcon_core.package_discovery:discover_packages(path) discover
[0.810s] Level 1:colcon.colcon_core.package_discovery:discover_packages(path) using defaults
[0.896s] Level 1:colcon.colcon_core.package_discovery:discover_packages(prefix_path) check parameters
[0.896s] Level 1:colcon.colcon_core.package_discovery:discover_packages(prefix_path) discover
[0.907s] DEBUG:colcon.colcon_installed_package_information.package_discovery:Found 2 installed packages in /home/captainp/brain_captainp/src/install
[0.909s] DEBUG:colcon.colcon_installed_package_information.package_discovery:Found 2 installed packages in /home/captainp/brain_captainp/install
[0.921s] DEBUG:colcon.colcon_installed_package_information.package_discovery:Found 286 installed packages in /opt/ros/jazzy
[0.925s] Level 1:colcon.colcon_core.package_discovery:discover_packages(prefix_path) using defaults
[1.150s] Level 5:colcon.colcon_core.verb:set package 'pingui_controller' build argument 'cmake_args' from command line to 'None'
[1.150s] Level 5:colcon.colcon_core.verb:set package 'pingui_controller' build argument 'cmake_target' from command line to 'None'
[1.150s] Level 5:colcon.colcon_core.verb:set package 'pingui_controller' build argument 'cmake_target_skip_unavailable' from command line to 'False'
[1.150s] Level 5:colcon.colcon_core.verb:set package 'pingui_controller' build argument 'cmake_clean_cache' from command line to 'False'
[1.150s] Level 5:colcon.colcon_core.verb:set package 'pingui_controller' build argument 'cmake_clean_first' from command line to 'False'
[1.151s] Level 5:colcon.colcon_core.verb:set package 'pingui_controller' build argument 'cmake_force_configure' from command line to 'False'
[1.151s] Level 5:colcon.colcon_core.verb:set package 'pingui_controller' build argument 'ament_cmake_args' from command line to 'None'
[1.151s] Level 5:colcon.colcon_core.verb:set package 'pingui_controller' build argument 'catkin_cmake_args' from command line to 'None'
[1.151s] Level 5:colcon.colcon_core.verb:set package 'pingui_controller' build argument 'catkin_skip_building_tests' from command line to 'False'
[1.151s] DEBUG:colcon.colcon_core.verb:Building package 'pingui_controller' with the following arguments: {'ament_cmake_args': None, 'build_base': '/home/captainp/brain_captainp/src/build/pingui_controller', 'catkin_cmake_args': None, 'catkin_skip_building_tests': False, 'cmake_args': None, 'cmake_clean_cache': False, 'cmake_clean_first': False, 'cmake_force_configure': False, 'cmake_target': None, 'cmake_target_skip_unavailable': False, 'install_base': '/home/captainp/brain_captainp/src/install/pingui_controller', 'merge_install': False, 'path': '/home/captainp/brain_captainp/src/pingui_controller', 'symlink_install': False, 'test_result_base': None}
[1.152s] Level 5:colcon.colcon_core.verb:set package 'sensores' build argument 'cmake_args' from command line to 'None'
[1.153s] Level 5:colcon.colcon_core.verb:set package 'sensores' build argument 'cmake_target' from command line to 'None'
[1.153s] Level 5:colcon.colcon_core.verb:set package 'sensores' build argument 'cmake_target_skip_unavailable' from command line to 'False'
[1.153s] Level 5:colcon.colcon_core.verb:set package 'sensores' build argument 'cmake_clean_cache' from command line to 'False'
[1.153s] Level 5:colcon.colcon_core.verb:set package 'sensores' build argument 'cmake_clean_first' from command line to 'False'
[1.153s] Level 5:colcon.colcon_core.verb:set package 'sensores' build argument 'cmake_force_configure' from command line to 'False'
[1.153s] Level 5:colcon.colcon_core.verb:set package 'sensores' build argument 'ament_cmake_args' from command line to 'None'
[1.153s] Level 5:colcon.colcon_core.verb:set package 'sensores' build argument 'catkin_cmake_args' from command line to 'None'
[1.153s] Level 5:colcon.colcon_core.verb:set package 'sensores' build argument 'catkin_skip_building_tests' from command line to 'False'
[1.153s] DEBUG:colcon.colcon_core.verb:Building package 'sensores' with the following arguments: {'ament_cmake_args': None, 'build_base': '/home/captainp/brain_captainp/src/build/sensores', 'catkin_cmake_args': None, 'catkin_skip_building_tests': False, 'cmake_args': None, 'cmake_clean_cache': False, 'cmake_clean_first': False, 'cmake_force_configure': False, 'cmake_target': None, 'cmake_target_skip_unavailable': False, 'install_base': '/home/captainp/brain_captainp/src/install/sensores', 'merge_install': False, 'path': '/home/captainp/brain_captainp/src/sensores', 'symlink_install': False, 'test_result_base': None}
[1.154s] INFO:colcon.colcon_core.executor:Executing jobs using 'parallel' executor
[1.157s] DEBUG:colcon.colcon_parallel_executor.executor.parallel:run_until_complete
[1.158s] INFO:colcon.colcon_ros.task.ament_python.build:Building ROS package in '/home/captainp/brain_captainp/src/pingui_controller' with build type 'ament_python'
[1.159s] Level 1:colcon.colcon_core.shell:create_environment_hook('pingui_controller', 'ament_prefix_path')
[1.174s] INFO:colcon.colcon_core.plugin_system:Skipping extension 'colcon_core.shell.bat': Not used on non-Windows systems
[1.175s] INFO:colcon.colcon_core.shell:Creating environment hook '/home/captainp/brain_captainp/src/install/pingui_controller/share/pingui_controller/hook/ament_prefix_path.ps1'
[1.179s] INFO:colcon.colcon_core.shell:Creating environment descriptor '/home/captainp/brain_captainp/src/install/pingui_controller/share/pingui_controller/hook/ament_prefix_path.dsv'
[1.184s] INFO:colcon.colcon_core.shell:Creating environment hook '/home/captainp/brain_captainp/src/install/pingui_controller/share/pingui_controller/hook/ament_prefix_path.sh'
[1.189s] INFO:colcon.colcon_core.shell:Skip shell extension 'powershell' for command environment: Not usable outside of PowerShell
[1.189s] DEBUG:colcon.colcon_core.shell:Skip shell extension 'dsv' for command environment
[1.214s] INFO:colcon.colcon_ros.task.ament_python.build:Building ROS package in '/home/captainp/brain_captainp/src/sensores' with build type 'ament_python'
[1.214s] Level 1:colcon.colcon_core.shell:create_environment_hook('sensores', 'ament_prefix_path')
[1.215s] INFO:colcon.colcon_core.shell:Creating environment hook '/home/captainp/brain_captainp/src/install/sensores/share/sensores/hook/ament_prefix_path.ps1'
[1.217s] INFO:colcon.colcon_core.shell:Creating environment descriptor '/home/captainp/brain_captainp/src/install/sensores/share/sensores/hook/ament_prefix_path.dsv'
[1.220s] INFO:colcon.colcon_core.shell:Creating environment hook '/home/captainp/brain_captainp/src/install/sensores/share/sensores/hook/ament_prefix_path.sh'
[1.224s] INFO:colcon.colcon_core.shell:Skip shell extension 'powershell' for command environment: Not usable outside of PowerShell
[1.225s] DEBUG:colcon.colcon_core.shell:Skip shell extension 'dsv' for command environment
[2.612s] INFO:colcon.colcon_core.task.python.build:Building Python package in '/home/captainp/brain_captainp/src/pingui_controller'
[2.613s] INFO:colcon.colcon_core.shell:Skip shell extension 'powershell' for command environment: Not usable outside of PowerShell
[2.613s] DEBUG:colcon.colcon_core.shell:Skip shell extension 'dsv' for command environment
[3.719s] INFO:colcon.colcon_core.task.python.build:Building Python package in '/home/captainp/brain_captainp/src/sensores'
[3.720s] INFO:colcon.colcon_core.shell:Skip shell extension 'powershell' for command environment: Not usable outside of PowerShell
[3.720s] DEBUG:colcon.colcon_core.shell:Skip shell extension 'dsv' for command environment
[7.310s] DEBUG:colcon.colcon_core.event_handler.log_command:Invoking command in '/home/captainp/brain_captainp/src/pingui_controller': DEBUGINFOD_URLS=https://debuginfod.ubuntu.com PYTHONPATH=/home/captainp/brain_captainp/src/build/pingui_controller/prefix_override:/usr/lib/python3/dist-packages/colcon_core/task/python/colcon_distutils_commands:/home/captainp/brain_captainp/src/install/pingui_controller/lib/python3.12/site-packages:${PYTHONPATH} /usr/bin/python3 -W ignore:setup.py install is deprecated -W ignore:easy_install command is deprecated setup.py egg_info --egg-base ../build/pingui_controller build --build-base /home/captainp/brain_captainp/src/build/pingui_controller/build install --record /home/captainp/brain_captainp/src/build/pingui_controller/install.log --single-version-externally-managed install_data
[7.390s] DEBUG:colcon.colcon_core.event_handler.log_command:Invoking command in '/home/captainp/brain_captainp/src/sensores': DEBUGINFOD_URLS=https://debuginfod.ubuntu.com PYTHONPATH=/home/captainp/brain_captainp/src/build/sensores/prefix_override:/usr/lib/python3/dist-packages/colcon_core/task/python/colcon_distutils_commands:/home/captainp/brain_captainp/src/install/sensores/lib/python3.12/site-packages:${PYTHONPATH} /usr/bin/python3 -W ignore:setup.py install is deprecated -W ignore:easy_install command is deprecated setup.py egg_info --egg-base ../build/sensores build --build-base /home/captainp/brain_captainp/src/build/sensores/build install --record /home/captainp/brain_captainp/src/build/sensores/install.log --single-version-externally-managed install_data
[10.851s] DEBUG:colcon.colcon_core.event_handler.log_command:Invoked command in '/home/captainp/brain_captainp/src/pingui_controller' returned '0': DEBUGINFOD_URLS=https://debuginfod.ubuntu.com PYTHONPATH=/home/captainp/brain_captainp/src/build/pingui_controller/prefix_override:/usr/lib/python3/dist-packages/colcon_core/task/python/colcon_distutils_commands:/home/captainp/brain_captainp/src/install/pingui_controller/lib/python3.12/site-packages:${PYTHONPATH} /usr/bin/python3 -W ignore:setup.py install is deprecated -W ignore:easy_install command is deprecated setup.py egg_info --egg-base ../build/pingui_controller build --build-base /home/captainp/brain_captainp/src/build/pingui_controller/build install --record /home/captainp/brain_captainp/src/build/pingui_controller/install.log --single-version-externally-managed install_data
[10.864s] Level 1:colcon.colcon_core.environment:checking '/home/captainp/brain_captainp/src/install/pingui_controller' for CMake module files
[10.867s] Level 1:colcon.colcon_core.environment:checking '/home/captainp/brain_captainp/src/install/pingui_controller' for CMake config files
[10.874s] Level 1:colcon.colcon_core.environment:checking '/home/captainp/brain_captainp/src/install/pingui_controller/lib'
[10.878s] Level 1:colcon.colcon_core.environment:checking '/home/captainp/brain_captainp/src/install/pingui_controller/bin'
[10.879s] Level 1:colcon.colcon_core.environment:checking '/home/captainp/brain_captainp/src/install/pingui_controller/lib/pkgconfig/pingui_controller.pc'
[10.881s] Level 1:colcon.colcon_core.environment:checking '/home/captainp/brain_captainp/src/install/pingui_controller/lib/python3.12/site-packages'
[10.882s] Level 1:colcon.colcon_core.shell:create_environment_hook('pingui_controller', 'pythonpath')
[10.883s] INFO:colcon.colcon_core.shell:Creating environment hook '/home/captainp/brain_captainp/src/install/pingui_controller/share/pingui_controller/hook/pythonpath.ps1'
[10.887s] INFO:colcon.colcon_core.shell:Creating environment descriptor '/home/captainp/brain_captainp/src/install/pingui_controller/share/pingui_controller/hook/pythonpath.dsv'
[10.891s] INFO:colcon.colcon_core.shell:Creating environment hook '/home/captainp/brain_captainp/src/install/pingui_controller/share/pingui_controller/hook/pythonpath.sh'
[10.897s] Level 1:colcon.colcon_core.environment:checking '/home/captainp/brain_captainp/src/install/pingui_controller/bin'
[10.897s] Level 1:colcon.colcon_core.environment:create_environment_scripts_only(pingui_controller)
[10.899s] INFO:colcon.colcon_core.shell:Creating package script '/home/captainp/brain_captainp/src/install/pingui_controller/share/pingui_controller/package.ps1'
[10.905s] INFO:colcon.colcon_core.shell:Creating package descriptor '/home/captainp/brain_captainp/src/install/pingui_controller/share/pingui_controller/package.dsv'
[10.912s] INFO:colcon.colcon_core.shell:Creating package script '/home/captainp/brain_captainp/src/install/pingui_controller/share/pingui_controller/package.sh'
[10.919s] INFO:colcon.colcon_core.shell:Creating package script '/home/captainp/brain_captainp/src/install/pingui_controller/share/pingui_controller/package.bash'
[10.925s] INFO:colcon.colcon_core.shell:Creating package script '/home/captainp/brain_captainp/src/install/pingui_controller/share/pingui_controller/package.zsh'
[10.931s] Level 1:colcon.colcon_core.environment:create_file_with_runtime_dependencies(/home/captainp/brain_captainp/src/install/pingui_controller/share/colcon-core/packages/pingui_controller)
[11.057s] Level 1:colcon.colcon_core.environment:checking '/home/captainp/brain_captainp/src/install/sensores' for CMake module files
[11.058s] DEBUG:colcon.colcon_core.event_handler.log_command:Invoked command in '/home/captainp/brain_captainp/src/sensores' returned '0': DEBUGINFOD_URLS=https://debuginfod.ubuntu.com PYTHONPATH=/home/captainp/brain_captainp/src/build/sensores/prefix_override:/usr/lib/python3/dist-packages/colcon_core/task/python/colcon_distutils_commands:/home/captainp/brain_captainp/src/install/sensores/lib/python3.12/site-packages:${PYTHONPATH} /usr/bin/python3 -W ignore:setup.py install is deprecated -W ignore:easy_install command is deprecated setup.py egg_info --egg-base ../build/sensores build --build-base /home/captainp/brain_captainp/src/build/sensores/build install --record /home/captainp/brain_captainp/src/build/sensores/install.log --single-version-externally-managed install_data
[11.061s] Level 1:colcon.colcon_core.environment:checking '/home/captainp/brain_captainp/src/install/sensores' for CMake config files
[11.066s] Level 1:colcon.colcon_core.environment:checking '/home/captainp/brain_captainp/src/install/sensores/lib'
[11.067s] Level 1:colcon.colcon_core.environment:checking '/home/captainp/brain_captainp/src/install/sensores/bin'
[11.067s] Level 1:colcon.colcon_core.environment:checking '/home/captainp/brain_captainp/src/install/sensores/lib/pkgconfig/sensores.pc'
[11.069s] Level 1:colcon.colcon_core.environment:checking '/home/captainp/brain_captainp/src/install/sensores/lib/python3.12/site-packages'
[11.070s] Level 1:colcon.colcon_core.shell:create_environment_hook('sensores', 'pythonpath')
[11.071s] INFO:colcon.colcon_core.shell:Creating environment hook '/home/captainp/brain_captainp/src/install/sensores/share/sensores/hook/pythonpath.ps1'
[11.074s] INFO:colcon.colcon_core.shell:Creating environment descriptor '/home/captainp/brain_captainp/src/install/sensores/share/sensores/hook/pythonpath.dsv'
[11.076s] INFO:colcon.colcon_core.shell:Creating environment hook '/home/captainp/brain_captainp/src/install/sensores/share/sensores/hook/pythonpath.sh'
[11.081s] Level 1:colcon.colcon_core.environment:checking '/home/captainp/brain_captainp/src/install/sensores/bin'
[11.081s] Level 1:colcon.colcon_core.environment:create_environment_scripts_only(sensores)
[11.083s] INFO:colcon.colcon_core.shell:Creating package script '/home/captainp/brain_captainp/src/install/sensores/share/sensores/package.ps1'
[11.085s] INFO:colcon.colcon_core.shell:Creating package descriptor '/home/captainp/brain_captainp/src/install/sensores/share/sensores/package.dsv'
[11.087s] INFO:colcon.colcon_core.shell:Creating package script '/home/captainp/brain_captainp/src/install/sensores/share/sensores/package.sh'
[11.090s] INFO:colcon.colcon_core.shell:Creating package script '/home/captainp/brain_captainp/src/install/sensores/share/sensores/package.bash'
[11.092s] INFO:colcon.colcon_core.shell:Creating package script '/home/captainp/brain_captainp/src/install/sensores/share/sensores/package.zsh'
[11.094s] Level 1:colcon.colcon_core.environment:create_file_with_runtime_dependencies(/home/captainp/brain_captainp/src/install/sensores/share/colcon-core/packages/sensores)
[11.095s] DEBUG:colcon.colcon_parallel_executor.executor.parallel:closing loop
[11.097s] DEBUG:colcon.colcon_parallel_executor.executor.parallel:loop closed
[11.098s] DEBUG:colcon.colcon_parallel_executor.executor.parallel:run_until_complete finished with '0'
[11.098s] DEBUG:colcon.colcon_core.event_reactor:joining thread
[11.135s] INFO:colcon.colcon_core.plugin_system:Skipping extension 'colcon_notification.desktop_notification.terminal_notifier': Not used on non-Darwin systems
[11.136s] INFO:colcon.colcon_core.plugin_system:Skipping extension 'colcon_notification.desktop_notification.win32': Not used on non-Windows systems
[11.136s] INFO:colcon.colcon_notification.desktop_notification:Sending desktop notification using 'notify2'
[11.219s] DEBUG:colcon.colcon_core.event_reactor:joined thread
[11.220s] INFO:colcon.colcon_core.shell:Creating prefix script '/home/captainp/brain_captainp/src/install/local_setup.ps1'
[11.224s] INFO:colcon.colcon_core.shell:Creating prefix util module '/home/captainp/brain_captainp/src/install/_local_setup_util_ps1.py'
[11.229s] INFO:colcon.colcon_core.shell:Creating prefix chain script '/home/captainp/brain_captainp/src/install/setup.ps1'
[11.235s] INFO:colcon.colcon_core.shell:Creating prefix script '/home/captainp/brain_captainp/src/install/local_setup.sh'
[11.238s] INFO:colcon.colcon_core.shell:Creating prefix util module '/home/captainp/brain_captainp/src/install/_local_setup_util_sh.py'
[11.242s] INFO:colcon.colcon_core.shell:Creating prefix chain script '/home/captainp/brain_captainp/src/install/setup.sh'
[11.248s] INFO:colcon.colcon_core.shell:Creating prefix script '/home/captainp/brain_captainp/src/install/local_setup.bash'
[11.251s] INFO:colcon.colcon_core.shell:Creating prefix chain script '/home/captainp/brain_captainp/src/install/setup.bash'
[11.258s] INFO:colcon.colcon_core.shell:Creating prefix script '/home/captainp/brain_captainp/src/install/local_setup.zsh'
[11.261s] INFO:colcon.colcon_core.shell:Creating prefix chain script '/home/captainp/brain_captainp/src/install/setup.zsh'
