[0.464s] DEBUG:colcon:Command line arguments: ['/usr/bin/colcon', 'build']
[0.464s] DEBUG:colcon:Parsed command line arguments: Namespace(log_base=None, log_level=None, verb_name='build', build_base='build', install_base='install', merge_install=False, symlink_install=False, test_result_base=None, continue_on_error=False, executor='parallel', parallel_workers=4, event_handlers=None, ignore_user_meta=False, metas=['./colcon.meta'], base_paths=['.'], packages_ignore=None, packages_ignore_regex=None, paths=None, packages_up_to=None, packages_up_to_regex=None, packages_above=None, packages_above_and_dependencies=None, packages_above_depth=None, packages_select_by_dep=None, packages_skip_by_dep=None, packages_skip_up_to=None, packages_select_build_failed=False, packages_skip_build_finished=False, packages_select_test_failures=False, packages_skip_test_passed=False, packages_select=None, packages_skip=None, packages_select_regex=None, packages_skip_regex=None, packages_start=None, packages_end=None, allow_overriding=[], cmake_args=None, cmake_target=None, cmake_target_skip_unavailable=False, cmake_clean_cache=False, cmake_clean_first=False, cmake_force_configure=False, ament_cmake_args=None, catkin_cmake_args=None, catkin_skip_building_tests=False, verb_parser=<colcon_defaults.argument_parser.defaults.DefaultArgumentsDecorator object at 0xffff97f1d010>, verb_extension=<colcon_core.verb.build.BuildVerb object at 0xffff980790d0>, main=<bound method BuildVerb.main of <colcon_core.verb.build.BuildVerb object at 0xffff980790d0>>)
[0.649s] Level 1:colcon.colcon_core.package_discovery:discover_packages(colcon_meta) check parameters
[0.650s] Level 1:colcon.colcon_core.package_discovery:discover_packages(recursive) check parameters
[0.650s] Level 1:colcon.colcon_core.package_discovery:discover_packages(ignore) check parameters
[0.650s] Level 1:colcon.colcon_core.package_discovery:discover_packages(path) check parameters
[0.650s] Level 1:colcon.colcon_core.package_discovery:discover_packages(colcon_meta) discover
[0.650s] Level 1:colcon.colcon_core.package_discovery:discover_packages(recursive) discover
[0.650s] INFO:colcon.colcon_core.package_discovery:Crawling recursively for packages in '/home/captainp/brain_captainp/src'
[0.651s] Level 1:colcon.colcon_core.package_identification:_identify(.) by extensions ['ignore', 'ignore_ament_install']
[0.651s] Level 1:colcon.colcon_core.package_identification:_identify(.) by extension 'ignore'
[0.652s] Level 1:colcon.colcon_core.package_identification:_identify(.) by extension 'ignore_ament_install'
[0.652s] Level 1:colcon.colcon_core.package_identification:_identify(.) by extensions ['colcon_pkg']
[0.652s] Level 1:colcon.colcon_core.package_identification:_identify(.) by extension 'colcon_pkg'
[0.652s] Level 1:colcon.colcon_core.package_identification:_identify(.) by extensions ['colcon_meta']
[0.652s] Level 1:colcon.colcon_core.package_identification:_identify(.) by extension 'colcon_meta'
[0.652s] Level 1:colcon.colcon_core.package_identification:_identify(.) by extensions ['ros']
[0.653s] Level 1:colcon.colcon_core.package_identification:_identify(.) by extension 'ros'
[0.767s] Level 1:colcon.colcon_core.package_identification:_identify(.) by extensions ['cmake', 'python']
[0.767s] Level 1:colcon.colcon_core.package_identification:_identify(.) by extension 'cmake'
[0.768s] Level 1:colcon.colcon_core.package_identification:_identify(.) by extension 'python'
[0.768s] Level 1:colcon.colcon_core.package_identification:_identify(.) by extensions ['python_setup_py']
[0.768s] Level 1:colcon.colcon_core.package_identification:_identify(.) by extension 'python_setup_py'
[0.769s] Level 1:colcon.colcon_core.package_identification:_identify(build) by extensions ['ignore', 'ignore_ament_install']
[0.769s] Level 1:colcon.colcon_core.package_identification:_identify(build) by extension 'ignore'
[0.769s] Level 1:colcon.colcon_core.package_identification:_identify(build) ignored
[0.770s] Level 1:colcon.colcon_core.package_identification:_identify(install) by extensions ['ignore', 'ignore_ament_install']
[0.770s] Level 1:colcon.colcon_core.package_identification:_identify(install) by extension 'ignore'
[0.770s] Level 1:colcon.colcon_core.package_identification:_identify(install) ignored
[0.771s] Level 1:colcon.colcon_core.package_identification:_identify(log) by extensions ['ignore', 'ignore_ament_install']
[0.771s] Level 1:colcon.colcon_core.package_identification:_identify(log) by extension 'ignore'
[0.772s] Level 1:colcon.colcon_core.package_identification:_identify(log) ignored
[0.772s] Level 1:colcon.colcon_core.package_identification:_identify(pingui_controller) by extensions ['ignore', 'ignore_ament_install']
[0.772s] Level 1:colcon.colcon_core.package_identification:_identify(pingui_controller) by extension 'ignore'
[0.773s] Level 1:colcon.colcon_core.package_identification:_identify(pingui_controller) by extension 'ignore_ament_install'
[0.773s] Level 1:colcon.colcon_core.package_identification:_identify(pingui_controller) by extensions ['colcon_pkg']
[0.773s] Level 1:colcon.colcon_core.package_identification:_identify(pingui_controller) by extension 'colcon_pkg'
[0.773s] Level 1:colcon.colcon_core.package_identification:_identify(pingui_controller) by extensions ['colcon_meta']
[0.773s] Level 1:colcon.colcon_core.package_identification:_identify(pingui_controller) by extension 'colcon_meta'
[0.773s] Level 1:colcon.colcon_core.package_identification:_identify(pingui_controller) by extensions ['ros']
[0.774s] Level 1:colcon.colcon_core.package_identification:_identify(pingui_controller) by extension 'ros'
[0.788s] DEBUG:colcon.colcon_core.package_identification:Package 'pingui_controller' with type 'ros.ament_python' and name 'pingui_controller'
[0.788s] Level 1:colcon.colcon_core.package_identification:_identify(sensores) by extensions ['ignore', 'ignore_ament_install']
[0.789s] Level 1:colcon.colcon_core.package_identification:_identify(sensores) by extension 'ignore'
[0.789s] Level 1:colcon.colcon_core.package_identification:_identify(sensores) by extension 'ignore_ament_install'
[0.789s] Level 1:colcon.colcon_core.package_identification:_identify(sensores) by extensions ['colcon_pkg']
[0.789s] Level 1:colcon.colcon_core.package_identification:_identify(sensores) by extension 'colcon_pkg'
[0.790s] Level 1:colcon.colcon_core.package_identification:_identify(sensores) by extensions ['colcon_meta']
[0.790s] Level 1:colcon.colcon_core.package_identification:_identify(sensores) by extension 'colcon_meta'
[0.790s] Level 1:colcon.colcon_core.package_identification:_identify(sensores) by extensions ['ros']
[0.790s] Level 1:colcon.colcon_core.package_identification:_identify(sensores) by extension 'ros'
[0.792s] DEBUG:colcon.colcon_core.package_identification:Package 'sensores' with type 'ros.ament_python' and name 'sensores'
[0.792s] Level 1:colcon.colcon_core.package_discovery:discover_packages(recursive) using defaults
[0.793s] Level 1:colcon.colcon_core.package_discovery:discover_packages(ignore) discover
[0.793s] Level 1:colcon.colcon_core.package_discovery:discover_packages(ignore) using defaults
[0.793s] Level 1:colcon.colcon_core.package_discovery:discover_packages(path) discover
[0.793s] Level 1:colcon.colcon_core.package_discovery:discover_packages(path) using defaults
[0.876s] Level 1:colcon.colcon_core.package_discovery:discover_packages(prefix_path) check parameters
[0.876s] Level 1:colcon.colcon_core.package_discovery:discover_packages(prefix_path) discover
[0.886s] DEBUG:colcon.colcon_installed_package_information.package_discovery:Found 2 installed packages in /home/captainp/brain_captainp/src/install
[0.888s] DEBUG:colcon.colcon_installed_package_information.package_discovery:Found 2 installed packages in /home/captainp/brain_captainp/install
[0.900s] DEBUG:colcon.colcon_installed_package_information.package_discovery:Found 286 installed packages in /opt/ros/jazzy
[0.904s] Level 1:colcon.colcon_core.package_discovery:discover_packages(prefix_path) using defaults
[1.110s] Level 5:colcon.colcon_core.verb:set package 'pingui_controller' build argument 'cmake_args' from command line to 'None'
[1.110s] Level 5:colcon.colcon_core.verb:set package 'pingui_controller' build argument 'cmake_target' from command line to 'None'
[1.110s] Level 5:colcon.colcon_core.verb:set package 'pingui_controller' build argument 'cmake_target_skip_unavailable' from command line to 'False'
[1.111s] Level 5:colcon.colcon_core.verb:set package 'pingui_controller' build argument 'cmake_clean_cache' from command line to 'False'
[1.111s] Level 5:colcon.colcon_core.verb:set package 'pingui_controller' build argument 'cmake_clean_first' from command line to 'False'
[1.111s] Level 5:colcon.colcon_core.verb:set package 'pingui_controller' build argument 'cmake_force_configure' from command line to 'False'
[1.111s] Level 5:colcon.colcon_core.verb:set package 'pingui_controller' build argument 'ament_cmake_args' from command line to 'None'
[1.111s] Level 5:colcon.colcon_core.verb:set package 'pingui_controller' build argument 'catkin_cmake_args' from command line to 'None'
[1.111s] Level 5:colcon.colcon_core.verb:set package 'pingui_controller' build argument 'catkin_skip_building_tests' from command line to 'False'
[1.111s] DEBUG:colcon.colcon_core.verb:Building package 'pingui_controller' with the following arguments: {'ament_cmake_args': None, 'build_base': '/home/captainp/brain_captainp/src/build/pingui_controller', 'catkin_cmake_args': None, 'catkin_skip_building_tests': False, 'cmake_args': None, 'cmake_clean_cache': False, 'cmake_clean_first': False, 'cmake_force_configure': False, 'cmake_target': None, 'cmake_target_skip_unavailable': False, 'install_base': '/home/captainp/brain_captainp/src/install/pingui_controller', 'merge_install': False, 'path': '/home/captainp/brain_captainp/src/pingui_controller', 'symlink_install': False, 'test_result_base': None}
[1.112s] Level 5:colcon.colcon_core.verb:set package 'sensores' build argument 'cmake_args' from command line to 'None'
[1.113s] Level 5:colcon.colcon_core.verb:set package 'sensores' build argument 'cmake_target' from command line to 'None'
[1.113s] Level 5:colcon.colcon_core.verb:set package 'sensores' build argument 'cmake_target_skip_unavailable' from command line to 'False'
[1.113s] Level 5:colcon.colcon_core.verb:set package 'sensores' build argument 'cmake_clean_cache' from command line to 'False'
[1.113s] Level 5:colcon.colcon_core.verb:set package 'sensores' build argument 'cmake_clean_first' from command line to 'False'
[1.113s] Level 5:colcon.colcon_core.verb:set package 'sensores' build argument 'cmake_force_configure' from command line to 'False'
[1.113s] Level 5:colcon.colcon_core.verb:set package 'sensores' build argument 'ament_cmake_args' from command line to 'None'
[1.113s] Level 5:colcon.colcon_core.verb:set package 'sensores' build argument 'catkin_cmake_args' from command line to 'None'
[1.113s] Level 5:colcon.colcon_core.verb:set package 'sensores' build argument 'catkin_skip_building_tests' from command line to 'False'
[1.114s] DEBUG:colcon.colcon_core.verb:Building package 'sensores' with the following arguments: {'ament_cmake_args': None, 'build_base': '/home/captainp/brain_captainp/src/build/sensores', 'catkin_cmake_args': None, 'catkin_skip_building_tests': False, 'cmake_args': None, 'cmake_clean_cache': False, 'cmake_clean_first': False, 'cmake_force_configure': False, 'cmake_target': None, 'cmake_target_skip_unavailable': False, 'install_base': '/home/captainp/brain_captainp/src/install/sensores', 'merge_install': False, 'path': '/home/captainp/brain_captainp/src/sensores', 'symlink_install': False, 'test_result_base': None}
[1.114s] INFO:colcon.colcon_core.executor:Executing jobs using 'parallel' executor
[1.117s] DEBUG:colcon.colcon_parallel_executor.executor.parallel:run_until_complete
[1.118s] INFO:colcon.colcon_ros.task.ament_python.build:Building ROS package in '/home/captainp/brain_captainp/src/pingui_controller' with build type 'ament_python'
[1.119s] Level 1:colcon.colcon_core.shell:create_environment_hook('pingui_controller', 'ament_prefix_path')
[1.130s] INFO:colcon.colcon_core.plugin_system:Skipping extension 'colcon_core.shell.bat': Not used on non-Windows systems
[1.132s] INFO:colcon.colcon_core.shell:Creating environment hook '/home/captainp/brain_captainp/src/install/pingui_controller/share/pingui_controller/hook/ament_prefix_path.ps1'
[1.140s] INFO:colcon.colcon_core.shell:Creating environment descriptor '/home/captainp/brain_captainp/src/install/pingui_controller/share/pingui_controller/hook/ament_prefix_path.dsv'
[1.143s] INFO:colcon.colcon_core.shell:Creating environment hook '/home/captainp/brain_captainp/src/install/pingui_controller/share/pingui_controller/hook/ament_prefix_path.sh'
[1.146s] INFO:colcon.colcon_core.shell:Skip shell extension 'powershell' for command environment: Not usable outside of PowerShell
[1.146s] DEBUG:colcon.colcon_core.shell:Skip shell extension 'dsv' for command environment
[1.172s] INFO:colcon.colcon_ros.task.ament_python.build:Building ROS package in '/home/captainp/brain_captainp/src/sensores' with build type 'ament_python'
[1.173s] Level 1:colcon.colcon_core.shell:create_environment_hook('sensores', 'ament_prefix_path')
[1.176s] INFO:colcon.colcon_core.shell:Creating environment hook '/home/captainp/brain_captainp/src/install/sensores/share/sensores/hook/ament_prefix_path.ps1'
[1.178s] INFO:colcon.colcon_core.shell:Creating environment descriptor '/home/captainp/brain_captainp/src/install/sensores/share/sensores/hook/ament_prefix_path.dsv'
[1.182s] INFO:colcon.colcon_core.shell:Creating environment hook '/home/captainp/brain_captainp/src/install/sensores/share/sensores/hook/ament_prefix_path.sh'
[1.189s] INFO:colcon.colcon_core.shell:Skip shell extension 'powershell' for command environment: Not usable outside of PowerShell
[1.192s] DEBUG:colcon.colcon_core.shell:Skip shell extension 'dsv' for command environment
[2.509s] INFO:colcon.colcon_core.task.python.build:Building Python package in '/home/captainp/brain_captainp/src/pingui_controller'
[2.510s] INFO:colcon.colcon_core.shell:Skip shell extension 'powershell' for command environment: Not usable outside of PowerShell
[2.510s] DEBUG:colcon.colcon_core.shell:Skip shell extension 'dsv' for command environment
[3.809s] INFO:colcon.colcon_core.task.python.build:Building Python package in '/home/captainp/brain_captainp/src/sensores'
[3.810s] INFO:colcon.colcon_core.shell:Skip shell extension 'powershell' for command environment: Not usable outside of PowerShell
[3.811s] DEBUG:colcon.colcon_core.shell:Skip shell extension 'dsv' for command environment
[7.906s] DEBUG:colcon.colcon_core.event_handler.log_command:Invoking command in '/home/captainp/brain_captainp/src/pingui_controller': DEBUGINFOD_URLS=https://debuginfod.ubuntu.com PYTHONPATH=/home/captainp/brain_captainp/src/build/pingui_controller/prefix_override:/usr/lib/python3/dist-packages/colcon_core/task/python/colcon_distutils_commands:/home/captainp/brain_captainp/src/install/pingui_controller/lib/python3.12/site-packages:${PYTHONPATH} /usr/bin/python3 -W ignore:setup.py install is deprecated -W ignore:easy_install command is deprecated setup.py egg_info --egg-base ../build/pingui_controller build --build-base /home/captainp/brain_captainp/src/build/pingui_controller/build install --record /home/captainp/brain_captainp/src/build/pingui_controller/install.log --single-version-externally-managed install_data
[8.006s] DEBUG:colcon.colcon_core.event_handler.log_command:Invoking command in '/home/captainp/brain_captainp/src/sensores': DEBUGINFOD_URLS=https://debuginfod.ubuntu.com PYTHONPATH=/home/captainp/brain_captainp/src/build/sensores/prefix_override:/usr/lib/python3/dist-packages/colcon_core/task/python/colcon_distutils_commands:/home/captainp/brain_captainp/src/install/sensores/lib/python3.12/site-packages:${PYTHONPATH} /usr/bin/python3 -W ignore:setup.py install is deprecated -W ignore:easy_install command is deprecated setup.py egg_info --egg-base ../build/sensores build --build-base /home/captainp/brain_captainp/src/build/sensores/build install --record /home/captainp/brain_captainp/src/build/sensores/install.log --single-version-externally-managed install_data
[12.149s] DEBUG:colcon.colcon_core.event_handler.log_command:Invoked command in '/home/captainp/brain_captainp/src/sensores' returned '0': DEBUGINFOD_URLS=https://debuginfod.ubuntu.com PYTHONPATH=/home/captainp/brain_captainp/src/build/sensores/prefix_override:/usr/lib/python3/dist-packages/colcon_core/task/python/colcon_distutils_commands:/home/captainp/brain_captainp/src/install/sensores/lib/python3.12/site-packages:${PYTHONPATH} /usr/bin/python3 -W ignore:setup.py install is deprecated -W ignore:easy_install command is deprecated setup.py egg_info --egg-base ../build/sensores build --build-base /home/captainp/brain_captainp/src/build/sensores/build install --record /home/captainp/brain_captainp/src/build/sensores/install.log --single-version-externally-managed install_data
[12.172s] Level 1:colcon.colcon_core.environment:checking '/home/captainp/brain_captainp/src/install/sensores' for CMake module files
[12.175s] Level 1:colcon.colcon_core.environment:checking '/home/captainp/brain_captainp/src/install/sensores' for CMake config files
[12.181s] Level 1:colcon.colcon_core.environment:checking '/home/captainp/brain_captainp/src/install/sensores/lib'
[12.184s] Level 1:colcon.colcon_core.environment:checking '/home/captainp/brain_captainp/src/install/sensores/bin'
[12.185s] Level 1:colcon.colcon_core.environment:checking '/home/captainp/brain_captainp/src/install/sensores/lib/pkgconfig/sensores.pc'
[12.187s] Level 1:colcon.colcon_core.environment:checking '/home/captainp/brain_captainp/src/install/sensores/lib/python3.12/site-packages'
[12.189s] Level 1:colcon.colcon_core.shell:create_environment_hook('sensores', 'pythonpath')
[12.190s] INFO:colcon.colcon_core.shell:Creating environment hook '/home/captainp/brain_captainp/src/install/sensores/share/sensores/hook/pythonpath.ps1'
[12.194s] INFO:colcon.colcon_core.shell:Creating environment descriptor '/home/captainp/brain_captainp/src/install/sensores/share/sensores/hook/pythonpath.dsv'
[12.197s] INFO:colcon.colcon_core.shell:Creating environment hook '/home/captainp/brain_captainp/src/install/sensores/share/sensores/hook/pythonpath.sh'
[12.205s] Level 1:colcon.colcon_core.environment:checking '/home/captainp/brain_captainp/src/install/sensores/bin'
[12.207s] Level 1:colcon.colcon_core.environment:create_environment_scripts_only(sensores)
[12.211s] INFO:colcon.colcon_core.shell:Creating package script '/home/captainp/brain_captainp/src/install/sensores/share/sensores/package.ps1'
[12.217s] INFO:colcon.colcon_core.shell:Creating package descriptor '/home/captainp/brain_captainp/src/install/sensores/share/sensores/package.dsv'
[12.223s] INFO:colcon.colcon_core.shell:Creating package script '/home/captainp/brain_captainp/src/install/sensores/share/sensores/package.sh'
[12.229s] INFO:colcon.colcon_core.shell:Creating package script '/home/captainp/brain_captainp/src/install/sensores/share/sensores/package.bash'
[12.232s] INFO:colcon.colcon_core.shell:Creating package script '/home/captainp/brain_captainp/src/install/sensores/share/sensores/package.zsh'
[12.236s] Level 1:colcon.colcon_core.environment:create_file_with_runtime_dependencies(/home/captainp/brain_captainp/src/install/sensores/share/colcon-core/packages/sensores)
[12.581s] Level 1:colcon.colcon_core.environment:checking '/home/captainp/brain_captainp/src/install/pingui_controller' for CMake module files
[12.583s] DEBUG:colcon.colcon_core.event_handler.log_command:Invoked command in '/home/captainp/brain_captainp/src/pingui_controller' returned '0': DEBUGINFOD_URLS=https://debuginfod.ubuntu.com PYTHONPATH=/home/captainp/brain_captainp/src/build/pingui_controller/prefix_override:/usr/lib/python3/dist-packages/colcon_core/task/python/colcon_distutils_commands:/home/captainp/brain_captainp/src/install/pingui_controller/lib/python3.12/site-packages:${PYTHONPATH} /usr/bin/python3 -W ignore:setup.py install is deprecated -W ignore:easy_install command is deprecated setup.py egg_info --egg-base ../build/pingui_controller build --build-base /home/captainp/brain_captainp/src/build/pingui_controller/build install --record /home/captainp/brain_captainp/src/build/pingui_controller/install.log --single-version-externally-managed install_data
[12.585s] Level 1:colcon.colcon_core.environment:checking '/home/captainp/brain_captainp/src/install/pingui_controller' for CMake config files
[12.589s] Level 1:colcon.colcon_core.environment:checking '/home/captainp/brain_captainp/src/install/pingui_controller/lib'
[12.589s] Level 1:colcon.colcon_core.environment:checking '/home/captainp/brain_captainp/src/install/pingui_controller/bin'
[12.590s] Level 1:colcon.colcon_core.environment:checking '/home/captainp/brain_captainp/src/install/pingui_controller/lib/pkgconfig/pingui_controller.pc'
[12.591s] Level 1:colcon.colcon_core.environment:checking '/home/captainp/brain_captainp/src/install/pingui_controller/lib/python3.12/site-packages'
[12.591s] Level 1:colcon.colcon_core.shell:create_environment_hook('pingui_controller', 'pythonpath')
[12.592s] INFO:colcon.colcon_core.shell:Creating environment hook '/home/captainp/brain_captainp/src/install/pingui_controller/share/pingui_controller/hook/pythonpath.ps1'
[12.594s] INFO:colcon.colcon_core.shell:Creating environment descriptor '/home/captainp/brain_captainp/src/install/pingui_controller/share/pingui_controller/hook/pythonpath.dsv'
[12.596s] INFO:colcon.colcon_core.shell:Creating environment hook '/home/captainp/brain_captainp/src/install/pingui_controller/share/pingui_controller/hook/pythonpath.sh'
[12.599s] Level 1:colcon.colcon_core.environment:checking '/home/captainp/brain_captainp/src/install/pingui_controller/bin'
[12.599s] Level 1:colcon.colcon_core.environment:create_environment_scripts_only(pingui_controller)
[12.600s] INFO:colcon.colcon_core.shell:Creating package script '/home/captainp/brain_captainp/src/install/pingui_controller/share/pingui_controller/package.ps1'
[12.602s] INFO:colcon.colcon_core.shell:Creating package descriptor '/home/captainp/brain_captainp/src/install/pingui_controller/share/pingui_controller/package.dsv'
[12.605s] INFO:colcon.colcon_core.shell:Creating package script '/home/captainp/brain_captainp/src/install/pingui_controller/share/pingui_controller/package.sh'
[12.607s] INFO:colcon.colcon_core.shell:Creating package script '/home/captainp/brain_captainp/src/install/pingui_controller/share/pingui_controller/package.bash'
[12.609s] INFO:colcon.colcon_core.shell:Creating package script '/home/captainp/brain_captainp/src/install/pingui_controller/share/pingui_controller/package.zsh'
[12.612s] Level 1:colcon.colcon_core.environment:create_file_with_runtime_dependencies(/home/captainp/brain_captainp/src/install/pingui_controller/share/colcon-core/packages/pingui_controller)
[12.614s] DEBUG:colcon.colcon_parallel_executor.executor.parallel:closing loop
[12.615s] DEBUG:colcon.colcon_parallel_executor.executor.parallel:loop closed
[12.616s] DEBUG:colcon.colcon_parallel_executor.executor.parallel:run_until_complete finished with '0'
[12.616s] DEBUG:colcon.colcon_core.event_reactor:joining thread
[12.654s] INFO:colcon.colcon_core.plugin_system:Skipping extension 'colcon_notification.desktop_notification.terminal_notifier': Not used on non-Darwin systems
[12.655s] INFO:colcon.colcon_core.plugin_system:Skipping extension 'colcon_notification.desktop_notification.win32': Not used on non-Windows systems
[12.655s] INFO:colcon.colcon_notification.desktop_notification:Sending desktop notification using 'notify2'
[12.766s] DEBUG:colcon.colcon_core.event_reactor:joined thread
[12.767s] INFO:colcon.colcon_core.shell:Creating prefix script '/home/captainp/brain_captainp/src/install/local_setup.ps1'
[12.771s] INFO:colcon.colcon_core.shell:Creating prefix util module '/home/captainp/brain_captainp/src/install/_local_setup_util_ps1.py'
[12.777s] INFO:colcon.colcon_core.shell:Creating prefix chain script '/home/captainp/brain_captainp/src/install/setup.ps1'
[12.784s] INFO:colcon.colcon_core.shell:Creating prefix script '/home/captainp/brain_captainp/src/install/local_setup.sh'
[12.788s] INFO:colcon.colcon_core.shell:Creating prefix util module '/home/captainp/brain_captainp/src/install/_local_setup_util_sh.py'
[12.793s] INFO:colcon.colcon_core.shell:Creating prefix chain script '/home/captainp/brain_captainp/src/install/setup.sh'
[12.799s] INFO:colcon.colcon_core.shell:Creating prefix script '/home/captainp/brain_captainp/src/install/local_setup.bash'
[12.802s] INFO:colcon.colcon_core.shell:Creating prefix chain script '/home/captainp/brain_captainp/src/install/setup.bash'
[12.811s] INFO:colcon.colcon_core.shell:Creating prefix script '/home/captainp/brain_captainp/src/install/local_setup.zsh'
[12.814s] INFO:colcon.colcon_core.shell:Creating prefix chain script '/home/captainp/brain_captainp/src/install/setup.zsh'
