[11.171s] Invoking command in '/home/captainp/brain_captainp/src/build/sensores': DEBUGINFOD_URLS=https://debuginfod.ubuntu.com PYTHONPATH=/home/captainp/brain_captainp/src/build/sensores/prefix_override:/usr/lib/python3/dist-packages/colcon_core/task/python/colcon_distutils_commands:/home/captainp/brain_captainp/src/install/sensores/lib/python3.12/site-packages:${PYTHONPATH} /usr/bin/python3 -W ignore:setup.py install is deprecated -W ignore:easy_install command is deprecated setup.py develop --editable --build-directory /home/captainp/brain_captainp/src/build/sensores/build --no-deps symlink_data --force
[14.316s] running develop
[16.662s] running egg_info
[16.841s] writing sensores.egg-info/PKG-INFO
[16.841s] writing dependency_links to sensores.egg-info/dependency_links.txt
[16.842s] writing entry points to sensores.egg-info/entry_points.txt
[16.848s] writing requirements to sensores.egg-info/requires.txt
[16.849s] writing top-level names to sensores.egg-info/top_level.txt
[17.185s] reading manifest file 'sensores.egg-info/SOURCES.txt'
[17.191s] writing manifest file 'sensores.egg-info/SOURCES.txt'
[17.441s] running build_ext
[17.447s] Creating /home/captainp/brain_captainp/src/install/sensores/lib/python3.12/site-packages/sensores.egg-link (link to .)
[17.459s] Installing test_bumper script to /home/captainp/brain_captainp/src/install/sensores/lib/sensores
[17.459s] Installing test_gps script to /home/captainp/brain_captainp/src/install/sensores/lib/sensores
[17.469s] Installing test_imu script to /home/captainp/brain_captainp/src/install/sensores/lib/sensores
[17.473s] Installing test_ultrasonico script to /home/captainp/brain_captainp/src/install/sensores/lib/sensores
[17.477s] 
[17.479s] Installed /home/captainp/brain_captainp/src/build/sensores
[17.479s] running symlink_data
[17.483s] symbolically linking /home/captainp/brain_captainp/src/build/sensores/resource/sensores -> /home/captainp/brain_captainp/src/install/sensores/share/ament_index/resource_index/packages
[17.483s] symbolically linking /home/captainp/brain_captainp/src/build/sensores/package.xml -> /home/captainp/brain_captainp/src/install/sensores/share/sensores
[17.752s] Invoked command in '/home/captainp/brain_captainp/src/build/sensores' returned '0': DEBUGINFOD_URLS=https://debuginfod.ubuntu.com PYTHONPATH=/home/captainp/brain_captainp/src/build/sensores/prefix_override:/usr/lib/python3/dist-packages/colcon_core/task/python/colcon_distutils_commands:/home/captainp/brain_captainp/src/install/sensores/lib/python3.12/site-packages:${PYTHONPATH} /usr/bin/python3 -W ignore:setup.py install is deprecated -W ignore:easy_install command is deprecated setup.py develop --editable --build-directory /home/captainp/brain_captainp/src/build/sensores/build --no-deps symlink_data --force
