running egg_info
creating ../build/pingui_controller/pingui_controller.egg-info
writing ../build/pingui_controller/pingui_controller.egg-info/PKG-INFO
writing dependency_links to ../build/pingui_controller/pingui_controller.egg-info/dependency_links.txt
writing entry points to ../build/pingui_controller/pingui_controller.egg-info/entry_points.txt
writing requirements to ../build/pingui_controller/pingui_controller.egg-info/requires.txt
writing top-level names to ../build/pingui_controller/pingui_controller.egg-info/top_level.txt
writing manifest file '../build/pingui_controller/pingui_controller.egg-info/SOURCES.txt'
reading manifest file '../build/pingui_controller/pingui_controller.egg-info/SOURCES.txt'
writing manifest file '../build/pingui_controller/pingui_controller.egg-info/SOURCES.txt'
running build
running build_py
creating /home/captainp/brain_captainp/src/build/pingui_controller/build
creating /home/captainp/brain_captainp/src/build/pingui_controller/build/lib
creating /home/captainp/brain_captainp/src/build/pingui_controller/build/lib/pingui_controller
copying pingui_controller/__init__.py -> /home/captainp/brain_captainp/src/build/pingui_controller/build/lib/pingui_controller
copying pingui_controller/first_node.py -> /home/captainp/brain_captainp/src/build/pingui_controller/build/lib/pingui_controller
running install
running install_lib
creating /home/captainp/brain_captainp/src/install/pingui_controller/lib/python3.12/site-packages/pingui_controller
copying /home/captainp/brain_captainp/src/build/pingui_controller/build/lib/pingui_controller/__init__.py -> /home/captainp/brain_captainp/src/install/pingui_controller/lib/python3.12/site-packages/pingui_controller
copying /home/captainp/brain_captainp/src/build/pingui_controller/build/lib/pingui_controller/first_node.py -> /home/captainp/brain_captainp/src/install/pingui_controller/lib/python3.12/site-packages/pingui_controller
byte-compiling /home/captainp/brain_captainp/src/install/pingui_controller/lib/python3.12/site-packages/pingui_controller/__init__.py to __init__.cpython-312.pyc
byte-compiling /home/captainp/brain_captainp/src/install/pingui_controller/lib/python3.12/site-packages/pingui_controller/first_node.py to first_node.cpython-312.pyc
running install_data
creating /home/captainp/brain_captainp/src/install/pingui_controller/share/ament_index
creating /home/captainp/brain_captainp/src/install/pingui_controller/share/ament_index/resource_index
creating /home/captainp/brain_captainp/src/install/pingui_controller/share/ament_index/resource_index/packages
copying resource/pingui_controller -> /home/captainp/brain_captainp/src/install/pingui_controller/share/ament_index/resource_index/packages
copying package.xml -> /home/captainp/brain_captainp/src/install/pingui_controller/share/pingui_controller
running install_egg_info
Copying ../build/pingui_controller/pingui_controller.egg-info to /home/captainp/brain_captainp/src/install/pingui_controller/lib/python3.12/site-packages/pingui_controller-0.0.0-py3.12.egg-info
running install_scripts
Installing test_node script to /home/captainp/brain_captainp/src/install/pingui_controller/lib/pingui_controller
writing list of installed files to '/home/captainp/brain_captainp/src/build/pingui_controller/install.log'
