[6.684s] Invoking command in '/home/captainp/brain_captainp/src/sensores': DEBUGINFOD_URLS=https://debuginfod.ubuntu.com PYTHONPATH=/home/captainp/brain_captainp/src/build/sensores/prefix_override:/usr/lib/python3/dist-packages/colcon_core/task/python/colcon_distutils_commands:/home/captainp/brain_captainp/src/install/sensores/lib/python3.12/site-packages:${PYTHONPATH} /usr/bin/python3 -W ignore:setup.py install is deprecated -W ignore:easy_install command is deprecated setup.py egg_info --egg-base ../build/sensores build --build-base /home/captainp/brain_captainp/src/build/sensores/build install --record /home/captainp/brain_captainp/src/build/sensores/install.log --single-version-externally-managed install_data
[8.859s] running egg_info
[9.017s] writing ../build/sensores/sensores.egg-info/PKG-INFO
[9.020s] writing dependency_links to ../build/sensores/sensores.egg-info/dependency_links.txt
[9.022s] writing entry points to ../build/sensores/sensores.egg-info/entry_points.txt
[9.022s] writing requirements to ../build/sensores/sensores.egg-info/requires.txt
[9.025s] writing top-level names to ../build/sensores/sensores.egg-info/top_level.txt
[9.332s] reading manifest file '../build/sensores/sensores.egg-info/SOURCES.txt'
[9.334s] writing manifest file '../build/sensores/sensores.egg-info/SOURCES.txt'
[9.342s] running build
[9.343s] running build_py
[9.343s] copying sensores/bumper.py -> /home/captainp/brain_captainp/src/build/sensores/build/lib/sensores
[9.344s] running install
[9.375s] running install_lib
[9.527s] copying /home/captainp/brain_captainp/src/build/sensores/build/lib/sensores/bumper.py -> /home/captainp/brain_captainp/src/install/sensores/lib/python3.12/site-packages/sensores
[9.532s] byte-compiling /home/captainp/brain_captainp/src/install/sensores/lib/python3.12/site-packages/sensores/bumper.py to bumper.cpython-312.pyc
[9.537s] running install_data
[9.538s] running install_egg_info
[9.666s] removing '/home/captainp/brain_captainp/src/install/sensores/lib/python3.12/site-packages/sensores-0.0.0-py3.12.egg-info' (and everything under it)
[9.668s] Copying ../build/sensores/sensores.egg-info to /home/captainp/brain_captainp/src/install/sensores/lib/python3.12/site-packages/sensores-0.0.0-py3.12.egg-info
[9.676s] running install_scripts
[10.712s] Installing test_bumper script to /home/captainp/brain_captainp/src/install/sensores/lib/sensores
[10.720s] Installing test_gps script to /home/captainp/brain_captainp/src/install/sensores/lib/sensores
[10.729s] Installing test_ultrasonico script to /home/captainp/brain_captainp/src/install/sensores/lib/sensores
[10.735s] writing list of installed files to '/home/captainp/brain_captainp/src/build/sensores/install.log'
[11.036s] Invoked command in '/home/captainp/brain_captainp/src/sensores' returned '0': DEBUGINFOD_URLS=https://debuginfod.ubuntu.com PYTHONPATH=/home/captainp/brain_captainp/src/build/sensores/prefix_override:/usr/lib/python3/dist-packages/colcon_core/task/python/colcon_distutils_commands:/home/captainp/brain_captainp/src/install/sensores/lib/python3.12/site-packages:${PYTHONPATH} /usr/bin/python3 -W ignore:setup.py install is deprecated -W ignore:easy_install command is deprecated setup.py egg_info --egg-base ../build/sensores build --build-base /home/captainp/brain_captainp/src/build/sensores/build install --record /home/captainp/brain_captainp/src/build/sensores/install.log --single-version-externally-managed install_data
