[5.977s] Invoking command in '/home/captainp/brain_captainp/src/sensores': DEBUGINFOD_URLS=https://debuginfod.ubuntu.com PYTHONPATH=/home/captainp/brain_captainp/src/build/sensores/prefix_override:/usr/lib/python3/dist-packages/colcon_core/task/python/colcon_distutils_commands:/home/captainp/brain_captainp/src/install/sensores/lib/python3.12/site-packages:${PYTHONPATH} /usr/bin/python3 -W ignore:setup.py install is deprecated -W ignore:easy_install command is deprecated setup.py egg_info --egg-base ../build/sensores build --build-base /home/captainp/brain_captainp/src/build/sensores/build install --record /home/captainp/brain_captainp/src/build/sensores/install.log --single-version-externally-managed install_data
[8.556s] running egg_info
[8.671s] writing ../build/sensores/sensores.egg-info/PKG-INFO
[8.674s] writing dependency_links to ../build/sensores/sensores.egg-info/dependency_links.txt
[8.677s] writing entry points to ../build/sensores/sensores.egg-info/entry_points.txt
[8.680s] writing requirements to ../build/sensores/sensores.egg-info/requires.txt
[8.680s] writing top-level names to ../build/sensores/sensores.egg-info/top_level.txt
[8.933s] reading manifest file '../build/sensores/sensores.egg-info/SOURCES.txt'
[8.937s] writing manifest file '../build/sensores/sensores.egg-info/SOURCES.txt'
[8.940s] running build
[8.941s] running build_py
[8.947s] running install
[8.972s] running install_lib
[9.085s] running install_data
[9.087s] running install_egg_info
[9.247s] removing '/home/captainp/brain_captainp/src/install/sensores/lib/python3.12/site-packages/sensores-0.0.0-py3.12.egg-info' (and everything under it)
[9.248s] Copying ../build/sensores/sensores.egg-info to /home/captainp/brain_captainp/src/install/sensores/lib/python3.12/site-packages/sensores-0.0.0-py3.12.egg-info
[9.257s] running install_scripts
[10.254s] Installing test_node script to /home/captainp/brain_captainp/src/install/sensores/lib/sensores
[10.256s] writing list of installed files to '/home/captainp/brain_captainp/src/build/sensores/install.log'
[10.437s] Invoked command in '/home/captainp/brain_captainp/src/sensores' returned '0': DEBUGINFOD_URLS=https://debuginfod.ubuntu.com PYTHONPATH=/home/captainp/brain_captainp/src/build/sensores/prefix_override:/usr/lib/python3/dist-packages/colcon_core/task/python/colcon_distutils_commands:/home/captainp/brain_captainp/src/install/sensores/lib/python3.12/site-packages:${PYTHONPATH} /usr/bin/python3 -W ignore:setup.py install is deprecated -W ignore:easy_install command is deprecated setup.py egg_info --egg-base ../build/sensores build --build-base /home/captainp/brain_captainp/src/build/sensores/build install --record /home/captainp/brain_captainp/src/build/sensores/install.log --single-version-externally-managed install_data
