running egg_info
creating ../build/sensores/sensores.egg-info
writing ../build/sensores/sensores.egg-info/PKG-INFO
writing dependency_links to ../build/sensores/sensores.egg-info/dependency_links.txt
writing entry points to ../build/sensores/sensores.egg-info/entry_points.txt
writing requirements to ../build/sensores/sensores.egg-info/requires.txt
writing top-level names to ../build/sensores/sensores.egg-info/top_level.txt
writing manifest file '../build/sensores/sensores.egg-info/SOURCES.txt'
reading manifest file '../build/sensores/sensores.egg-info/SOURCES.txt'
writing manifest file '../build/sensores/sensores.egg-info/SOURCES.txt'
running build
running build_py
creating /home/captainp/brain_captainp/src/build/sensores/build
creating /home/captainp/brain_captainp/src/build/sensores/build/lib
creating /home/captainp/brain_captainp/src/build/sensores/build/lib/sensores
copying sensores/__init__.py -> /home/captainp/brain_captainp/src/build/sensores/build/lib/sensores
copying sensores/imu.py -> /home/captainp/brain_captainp/src/build/sensores/build/lib/sensores
copying sensores/bumper.py -> /home/captainp/brain_captainp/src/build/sensores/build/lib/sensores
copying sensores/gps.py -> /home/captainp/brain_captainp/src/build/sensores/build/lib/sensores
copying sensores/ultrasonico.py -> /home/captainp/brain_captainp/src/build/sensores/build/lib/sensores
running install
running install_lib
creating /home/captainp/brain_captainp/src/install/sensores/lib/python3.12/site-packages/sensores
copying /home/captainp/brain_captainp/src/build/sensores/build/lib/sensores/__init__.py -> /home/captainp/brain_captainp/src/install/sensores/lib/python3.12/site-packages/sensores
copying /home/captainp/brain_captainp/src/build/sensores/build/lib/sensores/imu.py -> /home/captainp/brain_captainp/src/install/sensores/lib/python3.12/site-packages/sensores
copying /home/captainp/brain_captainp/src/build/sensores/build/lib/sensores/bumper.py -> /home/captainp/brain_captainp/src/install/sensores/lib/python3.12/site-packages/sensores
copying /home/captainp/brain_captainp/src/build/sensores/build/lib/sensores/gps.py -> /home/captainp/brain_captainp/src/install/sensores/lib/python3.12/site-packages/sensores
copying /home/captainp/brain_captainp/src/build/sensores/build/lib/sensores/ultrasonico.py -> /home/captainp/brain_captainp/src/install/sensores/lib/python3.12/site-packages/sensores
byte-compiling /home/captainp/brain_captainp/src/install/sensores/lib/python3.12/site-packages/sensores/__init__.py to __init__.cpython-312.pyc
byte-compiling /home/captainp/brain_captainp/src/install/sensores/lib/python3.12/site-packages/sensores/imu.py to imu.cpython-312.pyc
byte-compiling /home/captainp/brain_captainp/src/install/sensores/lib/python3.12/site-packages/sensores/bumper.py to bumper.cpython-312.pyc
byte-compiling /home/captainp/brain_captainp/src/install/sensores/lib/python3.12/site-packages/sensores/gps.py to gps.cpython-312.pyc
byte-compiling /home/captainp/brain_captainp/src/install/sensores/lib/python3.12/site-packages/sensores/ultrasonico.py to ultrasonico.cpython-312.pyc
running install_data
creating /home/captainp/brain_captainp/src/install/sensores/share/ament_index
creating /home/captainp/brain_captainp/src/install/sensores/share/ament_index/resource_index
creating /home/captainp/brain_captainp/src/install/sensores/share/ament_index/resource_index/packages
copying resource/sensores -> /home/captainp/brain_captainp/src/install/sensores/share/ament_index/resource_index/packages
copying package.xml -> /home/captainp/brain_captainp/src/install/sensores/share/sensores
running install_egg_info
Copying ../build/sensores/sensores.egg-info to /home/captainp/brain_captainp/src/install/sensores/lib/python3.12/site-packages/sensores-0.0.0-py3.12.egg-info
running install_scripts
Installing bridge script to /home/captainp/brain_captainp/src/install/sensores/lib/sensores
writing list of installed files to '/home/captainp/brain_captainp/src/build/sensores/install.log'
