[5.866s] Invoking command in '/home/captainp/brain_captainp/src/sensores': DEBUGINFOD_URLS=https://debuginfod.ubuntu.com PYTHONPATH=/home/captainp/brain_captainp/src/build/sensores/prefix_override:/usr/lib/python3/dist-packages/colcon_core/task/python/colcon_distutils_commands:/home/captainp/brain_captainp/src/install/sensores/lib/python3.12/site-packages:${PYTHONPATH} /usr/bin/python3 -W ignore:setup.py install is deprecated -W ignore:easy_install command is deprecated setup.py egg_info --egg-base ../build/sensores build --build-base /home/captainp/brain_captainp/src/build/sensores/build install --record /home/captainp/brain_captainp/src/build/sensores/install.log --single-version-externally-managed install_data
[7.377s] running egg_info
[7.380s] creating ../build/sensores/sensores.egg-info
[7.493s] writing ../build/sensores/sensores.egg-info/PKG-INFO
[7.494s] writing dependency_links to ../build/sensores/sensores.egg-info/dependency_links.txt
[7.496s] writing entry points to ../build/sensores/sensores.egg-info/entry_points.txt
[7.497s] writing requirements to ../build/sensores/sensores.egg-info/requires.txt
[7.499s] writing top-level names to ../build/sensores/sensores.egg-info/top_level.txt
[7.500s] writing manifest file '../build/sensores/sensores.egg-info/SOURCES.txt'
[7.775s] reading manifest file '../build/sensores/sensores.egg-info/SOURCES.txt'
[7.778s] writing manifest file '../build/sensores/sensores.egg-info/SOURCES.txt'
[7.779s] running build
[7.780s] running build_py
[7.781s] creating /home/captainp/brain_captainp/src/build/sensores/build
[7.782s] creating /home/captainp/brain_captainp/src/build/sensores/build/lib
[7.783s] creating /home/captainp/brain_captainp/src/build/sensores/build/lib/sensores
[7.784s] copying sensores/__init__.py -> /home/captainp/brain_captainp/src/build/sensores/build/lib/sensores
[7.788s] copying sensores/imu.py -> /home/captainp/brain_captainp/src/build/sensores/build/lib/sensores
[7.789s] copying sensores/bumper.py -> /home/captainp/brain_captainp/src/build/sensores/build/lib/sensores
[7.792s] copying sensores/gps.py -> /home/captainp/brain_captainp/src/build/sensores/build/lib/sensores
[7.794s] copying sensores/ultrasonico.py -> /home/captainp/brain_captainp/src/build/sensores/build/lib/sensores
[7.795s] running install
[7.823s] running install_lib
[7.948s] creating /home/captainp/brain_captainp/src/install/sensores/lib/python3.12/site-packages/sensores
[7.951s] copying /home/captainp/brain_captainp/src/build/sensores/build/lib/sensores/__init__.py -> /home/captainp/brain_captainp/src/install/sensores/lib/python3.12/site-packages/sensores
[7.952s] copying /home/captainp/brain_captainp/src/build/sensores/build/lib/sensores/imu.py -> /home/captainp/brain_captainp/src/install/sensores/lib/python3.12/site-packages/sensores
[7.955s] copying /home/captainp/brain_captainp/src/build/sensores/build/lib/sensores/bumper.py -> /home/captainp/brain_captainp/src/install/sensores/lib/python3.12/site-packages/sensores
[7.959s] copying /home/captainp/brain_captainp/src/build/sensores/build/lib/sensores/gps.py -> /home/captainp/brain_captainp/src/install/sensores/lib/python3.12/site-packages/sensores
[7.960s] copying /home/captainp/brain_captainp/src/build/sensores/build/lib/sensores/ultrasonico.py -> /home/captainp/brain_captainp/src/install/sensores/lib/python3.12/site-packages/sensores
[7.961s] byte-compiling /home/captainp/brain_captainp/src/install/sensores/lib/python3.12/site-packages/sensores/__init__.py to __init__.cpython-312.pyc
[7.962s] byte-compiling /home/captainp/brain_captainp/src/install/sensores/lib/python3.12/site-packages/sensores/imu.py to imu.cpython-312.pyc
[7.969s] byte-compiling /home/captainp/brain_captainp/src/install/sensores/lib/python3.12/site-packages/sensores/bumper.py to bumper.cpython-312.pyc
[7.970s] byte-compiling /home/captainp/brain_captainp/src/install/sensores/lib/python3.12/site-packages/sensores/gps.py to gps.cpython-312.pyc
[7.975s] byte-compiling /home/captainp/brain_captainp/src/install/sensores/lib/python3.12/site-packages/sensores/ultrasonico.py to ultrasonico.cpython-312.pyc
[7.975s] running install_data
[7.976s] creating /home/captainp/brain_captainp/src/install/sensores/share/ament_index
[7.980s] creating /home/captainp/brain_captainp/src/install/sensores/share/ament_index/resource_index
[7.980s] creating /home/captainp/brain_captainp/src/install/sensores/share/ament_index/resource_index/packages
[7.981s] copying resource/sensores -> /home/captainp/brain_captainp/src/install/sensores/share/ament_index/resource_index/packages
[7.981s] copying package.xml -> /home/captainp/brain_captainp/src/install/sensores/share/sensores
[7.982s] running install_egg_info
[8.129s] Copying ../build/sensores/sensores.egg-info to /home/captainp/brain_captainp/src/install/sensores/lib/python3.12/site-packages/sensores-0.0.0-py3.12.egg-info
[8.139s] running install_scripts
[9.205s] Installing bridge script to /home/captainp/brain_captainp/src/install/sensores/lib/sensores
[9.215s] writing list of installed files to '/home/captainp/brain_captainp/src/build/sensores/install.log'
[9.451s] Invoked command in '/home/captainp/brain_captainp/src/sensores' returned '0': DEBUGINFOD_URLS=https://debuginfod.ubuntu.com PYTHONPATH=/home/captainp/brain_captainp/src/build/sensores/prefix_override:/usr/lib/python3/dist-packages/colcon_core/task/python/colcon_distutils_commands:/home/captainp/brain_captainp/src/install/sensores/lib/python3.12/site-packages:${PYTHONPATH} /usr/bin/python3 -W ignore:setup.py install is deprecated -W ignore:easy_install command is deprecated setup.py egg_info --egg-base ../build/sensores build --build-base /home/captainp/brain_captainp/src/build/sensores/build install --record /home/captainp/brain_captainp/src/build/sensores/install.log --single-version-externally-managed install_data
