[6.294s] Invoking command in '/home/captainp/brain_captainp/src/pingui_controller': DEBUGINFOD_URLS=https://debuginfod.ubuntu.com PYTHONPATH=/home/captainp/brain_captainp/src/build/pingui_controller/prefix_override:/usr/lib/python3/dist-packages/colcon_core/task/python/colcon_distutils_commands:/home/captainp/brain_captainp/src/install/pingui_controller/lib/python3.12/site-packages:${PYTHONPATH} /usr/bin/python3 -W ignore:setup.py install is deprecated -W ignore:easy_install command is deprecated setup.py egg_info --egg-base ../build/pingui_controller build --build-base /home/captainp/brain_captainp/src/build/pingui_controller/build install --record /home/captainp/brain_captainp/src/build/pingui_controller/install.log --single-version-externally-managed install_data
[7.991s] running egg_info
[8.110s] writing ../build/pingui_controller/pingui_controller.egg-info/PKG-INFO
[8.115s] writing dependency_links to ../build/pingui_controller/pingui_controller.egg-info/dependency_links.txt
[8.115s] writing entry points to ../build/pingui_controller/pingui_controller.egg-info/entry_points.txt
[8.119s] writing requirements to ../build/pingui_controller/pingui_controller.egg-info/requires.txt
[8.124s] writing top-level names to ../build/pingui_controller/pingui_controller.egg-info/top_level.txt
[8.372s] reading manifest file '../build/pingui_controller/pingui_controller.egg-info/SOURCES.txt'
[8.379s] writing manifest file '../build/pingui_controller/pingui_controller.egg-info/SOURCES.txt'
[8.379s] running build
[8.380s] running build_py
[8.384s] running install
[8.417s] running install_lib
[8.538s] running install_data
[8.539s] running install_egg_info
[8.701s] removing '/home/captainp/brain_captainp/src/install/pingui_controller/lib/python3.12/site-packages/pingui_controller-0.0.0-py3.12.egg-info' (and everything under it)
[8.702s] Copying ../build/pingui_controller/pingui_controller.egg-info to /home/captainp/brain_captainp/src/install/pingui_controller/lib/python3.12/site-packages/pingui_controller-0.0.0-py3.12.egg-info
[8.713s] running install_scripts
[9.630s] Installing test_node script to /home/captainp/brain_captainp/src/install/pingui_controller/lib/pingui_controller
[9.634s] writing list of installed files to '/home/captainp/brain_captainp/src/build/pingui_controller/install.log'
[9.943s] Invoked command in '/home/captainp/brain_captainp/src/pingui_controller' returned '0': DEBUGINFOD_URLS=https://debuginfod.ubuntu.com PYTHONPATH=/home/captainp/brain_captainp/src/build/pingui_controller/prefix_override:/usr/lib/python3/dist-packages/colcon_core/task/python/colcon_distutils_commands:/home/captainp/brain_captainp/src/install/pingui_controller/lib/python3.12/site-packages:${PYTHONPATH} /usr/bin/python3 -W ignore:setup.py install is deprecated -W ignore:easy_install command is deprecated setup.py egg_info --egg-base ../build/pingui_controller build --build-base /home/captainp/brain_captainp/src/build/pingui_controller/build install --record /home/captainp/brain_captainp/src/build/pingui_controller/install.log --single-version-externally-managed install_data
