[6.176s] Invoking command in '/home/captainp/brain_captainp/src/sensores': DEBUGINFOD_URLS=https://debuginfod.ubuntu.com PYTHONPATH=/home/captainp/brain_captainp/src/build/sensores/prefix_override:/usr/lib/python3/dist-packages/colcon_core/task/python/colcon_distutils_commands:/home/captainp/brain_captainp/src/install/sensores/lib/python3.12/site-packages:${PYTHONPATH} /usr/bin/python3 -W ignore:setup.py install is deprecated -W ignore:easy_install command is deprecated setup.py egg_info --egg-base ../build/sensores build --build-base /home/captainp/brain_captainp/src/build/sensores/build install --record /home/captainp/brain_captainp/src/build/sensores/install.log --single-version-externally-managed install_data
[7.763s] running egg_info
[7.883s] writing ../build/sensores/sensores.egg-info/PKG-INFO
[7.887s] writing dependency_links to ../build/sensores/sensores.egg-info/dependency_links.txt
[7.890s] writing entry points to ../build/sensores/sensores.egg-info/entry_points.txt
[7.892s] writing requirements to ../build/sensores/sensores.egg-info/requires.txt
[7.892s] writing top-level names to ../build/sensores/sensores.egg-info/top_level.txt
[8.154s] reading manifest file '../build/sensores/sensores.egg-info/SOURCES.txt'
[8.158s] writing manifest file '../build/sensores/sensores.egg-info/SOURCES.txt'
[8.159s] running build
[8.159s] running build_py
[8.160s] copying sensores/gps.py -> /home/captainp/brain_captainp/src/build/sensores/build/lib/sensores
[8.162s] running install
[8.196s] running install_lib
[8.315s] copying /home/captainp/brain_captainp/src/build/sensores/build/lib/sensores/gps.py -> /home/captainp/brain_captainp/src/install/sensores/lib/python3.12/site-packages/sensores
[8.320s] byte-compiling /home/captainp/brain_captainp/src/install/sensores/lib/python3.12/site-packages/sensores/gps.py to gps.cpython-312.pyc
[8.327s] running install_data
[8.330s] running install_egg_info
[8.570s] removing '/home/captainp/brain_captainp/src/install/sensores/lib/python3.12/site-packages/sensores-0.0.0-py3.12.egg-info' (and everything under it)
[8.573s] Copying ../build/sensores/sensores.egg-info to /home/captainp/brain_captainp/src/install/sensores/lib/python3.12/site-packages/sensores-0.0.0-py3.12.egg-info
[8.584s] running install_scripts
[9.657s] Installing test_gps script to /home/captainp/brain_captainp/src/install/sensores/lib/sensores
[9.658s] Installing test_ultrasonico script to /home/captainp/brain_captainp/src/install/sensores/lib/sensores
[9.663s] writing list of installed files to '/home/captainp/brain_captainp/src/build/sensores/install.log'
[9.844s] Invoked command in '/home/captainp/brain_captainp/src/sensores' returned '0': DEBUGINFOD_URLS=https://debuginfod.ubuntu.com PYTHONPATH=/home/captainp/brain_captainp/src/build/sensores/prefix_override:/usr/lib/python3/dist-packages/colcon_core/task/python/colcon_distutils_commands:/home/captainp/brain_captainp/src/install/sensores/lib/python3.12/site-packages:${PYTHONPATH} /usr/bin/python3 -W ignore:setup.py install is deprecated -W ignore:easy_install command is deprecated setup.py egg_info --egg-base ../build/sensores build --build-base /home/captainp/brain_captainp/src/build/sensores/build install --record /home/captainp/brain_captainp/src/build/sensores/install.log --single-version-externally-managed install_data
