[0.000000] (-) TimerEvent: {}
[0.000985] (pingui_controller) JobQueued: {'identifier': 'pingui_controller', 'dependencies': OrderedDict()}
[0.002138] (sensores) JobQueued: {'identifier': 'sensores', 'dependencies': OrderedDict()}
[0.002799] (pingui_controller) JobStarted: {'identifier': 'pingui_controller'}
[0.057235] (sensores) JobStarted: {'identifier': 'sensores'}
[0.100333] (-) TimerEvent: {}
[0.201509] (-) TimerEvent: {}
[0.302257] (-) TimerEvent: {}
[0.402993] (-) TimerEvent: {}
[0.503762] (-) TimerEvent: {}
[0.604585] (-) TimerEvent: {}
[0.705445] (-) TimerEvent: {}
[0.806183] (-) TimerEvent: {}
[0.906945] (-) TimerEvent: {}
[1.007645] (-) TimerEvent: {}
[1.109974] (-) TimerEvent: {}
[1.212349] (-) TimerEvent: {}
[1.313248] (-) TimerEvent: {}
[1.414210] (-) TimerEvent: {}
[1.515428] (-) TimerEvent: {}
[1.616389] (-) TimerEvent: {}
[1.717083] (-) TimerEvent: {}
[1.817781] (-) TimerEvent: {}
[1.919150] (-) TimerEvent: {}
[2.020425] (-) TimerEvent: {}
[2.121095] (-) TimerEvent: {}
[2.221716] (-) TimerEvent: {}
[2.322376] (-) TimerEvent: {}
[2.422995] (-) TimerEvent: {}
[2.523606] (-) TimerEvent: {}
[2.624436] (-) TimerEvent: {}
[2.729031] (-) TimerEvent: {}
[2.779090] (sensores) StderrLine: {'line': b'Traceback (most recent call last):\n  File "/usr/lib/python3/dist-packages/colcon_core/executor/__init__.py", line 91, in __call__\n    rc = await self.task(*args, **kwargs)\n         ^^^^^^^^^^^^^^^^^^^^^^^^^^^^^^^^\n  File "/usr/lib/python3/dist-packages/colcon_core/task/__init__.py", line 93, in __call__\n    return await task_method(*args, **kwargs)\n           ^^^^^^^^^^^^^^^^^^^^^^^^^^^^^^^^^^\n  File "/usr/lib/python3/dist-packages/colcon_ros/task/ament_python/build.py", line 51, in build\n    setup_py_data = get_setup_data(self.context.pkg, env)\n                    ^^^^^^^^^^^^^^^^^^^^^^^^^^^^^^^^^^^^^\n  File "/usr/lib/python3/dist-packages/colcon_core/task/python/__init__.py", line 20, in get_setup_data\n    return dict(pkg.metadata[key](env))\n                ^^^^^^^^^^^^^^^^^^^^^^\n  File "/usr/lib/python3/dist-packages/colcon_ros/package_augmentation/ros_ament_python.py", line 57, in getter\n    return get_setup_information(\n           ^^^^^^^^^^^^^^^^^^^^^^\n  File "/usr/lib/python3/dist-packages/colcon_python_setup_py/package_identification/python_setup_py.py", line 249, in get_setup_information\n    _setup_information_cache[hashable_env] = _get_setup_information(\n                                             ^^^^^^^^^^^^^^^^^^^^^^^\n  File "/usr/lib/python3/dist-packages/colcon_python_setup_py/package_identification/python_setup_py.py", line 296, in _get_setup_information\n    result = subprocess.run(\n             ^^^^^^^^^^^^^^^\n  File "/usr/lib/python3.12/subprocess.py", line 571, in run\n    raise CalledProcessError(retcode, process.args,\nsubprocess.CalledProcessError: Command \'[\'/usr/bin/python3\', \'-c\', \'import sys;from contextlib import suppress;exec("with suppress(ImportError):    from setuptools.extern.packaging.specifiers    import SpecifierSet");exec("with suppress(ImportError):    from packaging.specifiers import SpecifierSet");from distutils.core import run_setup;dist = run_setup(    \\\'setup.py\\\', script_args=(\\\'--dry-run\\\',), stop_after=\\\'config\\\');skip_keys = (\\\'cmdclass\\\', \\\'distclass\\\', \\\'ext_modules\\\', \\\'metadata\\\');data = {    key: value for key, value in dist.__dict__.items()     if (        not key.startswith(\\\'_\\\') and         not callable(value) and         key not in skip_keys and         key not in dist.display_option_names    )};data[\\\'metadata\\\'] = {    k: v for k, v in dist.metadata.__dict__.items()     if k not in (\\\'license_files\\\', \\\'provides_extras\\\')};sys.stdout.buffer.write(repr(data).encode(\\\'utf-8\\\'))\']\' returned non-zero exit status 1.\n'}
[2.783397] (sensores) JobEnded: {'identifier': 'sensores', 'rc': 1}
[2.785554] (pingui_controller) JobEnded: {'identifier': 'pingui_controller', 'rc': 'SIGINT'}
[2.794020] (-) EventReactorShutdown: {}
