[6.777s] Invoking command in '/home/captainp/brain_captainp/src/pingui_controller': DEBUGINFOD_URLS=https://debuginfod.ubuntu.com PYTHONPATH=/home/captainp/brain_captainp/src/build/pingui_controller/prefix_override:/usr/lib/python3/dist-packages/colcon_core/task/python/colcon_distutils_commands:/home/captainp/brain_captainp/src/install/pingui_controller/lib/python3.12/site-packages:${PYTHONPATH} /usr/bin/python3 -W ignore:setup.py install is deprecated -W ignore:easy_install command is deprecated setup.py egg_info --egg-base ../build/pingui_controller build --build-base /home/captainp/brain_captainp/src/build/pingui_controller/build install --record /home/captainp/brain_captainp/src/build/pingui_controller/install.log --single-version-externally-managed install_data
[8.707s] running egg_info
[8.862s] writing ../build/pingui_controller/pingui_controller.egg-info/PKG-INFO
[8.866s] writing dependency_links to ../build/pingui_controller/pingui_controller.egg-info/dependency_links.txt
[8.871s] writing entry points to ../build/pingui_controller/pingui_controller.egg-info/entry_points.txt
[8.873s] writing requirements to ../build/pingui_controller/pingui_controller.egg-info/requires.txt
[8.875s] writing top-level names to ../build/pingui_controller/pingui_controller.egg-info/top_level.txt
[9.257s] reading manifest file '../build/pingui_controller/pingui_controller.egg-info/SOURCES.txt'
[9.269s] writing manifest file '../build/pingui_controller/pingui_controller.egg-info/SOURCES.txt'
[9.279s] running build
[9.279s] running build_py
[9.280s] running install
[9.313s] running install_lib
[9.484s] running install_data
[9.485s] running install_egg_info
[9.769s] removing '/home/captainp/brain_captainp/src/install/pingui_controller/lib/python3.12/site-packages/pingui_controller-0.0.0-py3.12.egg-info' (and everything under it)
[9.770s] Copying ../build/pingui_controller/pingui_controller.egg-info to /home/captainp/brain_captainp/src/install/pingui_controller/lib/python3.12/site-packages/pingui_controller-0.0.0-py3.12.egg-info
[9.780s] running install_scripts
[11.275s] Installing test_node script to /home/captainp/brain_captainp/src/install/pingui_controller/lib/pingui_controller
[11.289s] writing list of installed files to '/home/captainp/brain_captainp/src/build/pingui_controller/install.log'
[11.463s] Invoked command in '/home/captainp/brain_captainp/src/pingui_controller' returned '0': DEBUGINFOD_URLS=https://debuginfod.ubuntu.com PYTHONPATH=/home/captainp/brain_captainp/src/build/pingui_controller/prefix_override:/usr/lib/python3/dist-packages/colcon_core/task/python/colcon_distutils_commands:/home/captainp/brain_captainp/src/install/pingui_controller/lib/python3.12/site-packages:${PYTHONPATH} /usr/bin/python3 -W ignore:setup.py install is deprecated -W ignore:easy_install command is deprecated setup.py egg_info --egg-base ../build/pingui_controller build --build-base /home/captainp/brain_captainp/src/build/pingui_controller/build install --record /home/captainp/brain_captainp/src/build/pingui_controller/install.log --single-version-externally-managed install_data
