[0.461s] DEBUG:colcon:Command line arguments: ['/usr/bin/colcon', 'build']
[0.462s] DEBUG:colcon:Parsed command line arguments: Namespace(log_base=None, log_level=None, verb_name='build', build_base='build', install_base='install', merge_install=False, symlink_install=False, test_result_base=None, continue_on_error=False, executor='parallel', parallel_workers=4, event_handlers=None, ignore_user_meta=False, metas=['./colcon.meta'], base_paths=['.'], packages_ignore=None, packages_ignore_regex=None, paths=None, packages_up_to=None, packages_up_to_regex=None, packages_above=None, packages_above_and_dependencies=None, packages_above_depth=None, packages_select_by_dep=None, packages_skip_by_dep=None, packages_skip_up_to=None, packages_select_build_failed=False, packages_skip_build_finished=False, packages_select_test_failures=False, packages_skip_test_passed=False, packages_select=None, packages_skip=None, packages_select_regex=None, packages_skip_regex=None, packages_start=None, packages_end=None, allow_overriding=[], cmake_args=None, cmake_target=None, cmake_target_skip_unavailable=False, cmake_clean_cache=False, cmake_clean_first=False, cmake_force_configure=False, ament_cmake_args=None, catkin_cmake_args=None, catkin_skip_building_tests=False, verb_parser=<colcon_defaults.argument_parser.defaults.DefaultArgumentsDecorator object at 0xffff82c052b0>, verb_extension=<colcon_core.verb.build.BuildVerb object at 0xffff82db5850>, main=<bound method BuildVerb.main of <colcon_core.verb.build.BuildVerb object at 0xffff82db5850>>)
[0.645s] Level 1:colcon.colcon_core.package_discovery:discover_packages(colcon_meta) check parameters
[0.646s] Level 1:colcon.colcon_core.package_discovery:discover_packages(recursive) check parameters
[0.646s] Level 1:colcon.colcon_core.package_discovery:discover_packages(ignore) check parameters
[0.646s] Level 1:colcon.colcon_core.package_discovery:discover_packages(path) check parameters
[0.646s] Level 1:colcon.colcon_core.package_discovery:discover_packages(colcon_meta) discover
[0.647s] Level 1:colcon.colcon_core.package_discovery:discover_packages(recursive) discover
[0.647s] INFO:colcon.colcon_core.package_discovery:Crawling recursively for packages in '/home/captainp/brain_captainp/src'
[0.647s] Level 1:colcon.colcon_core.package_identification:_identify(.) by extensions ['ignore', 'ignore_ament_install']
[0.648s] Level 1:colcon.colcon_core.package_identification:_identify(.) by extension 'ignore'
[0.648s] Level 1:colcon.colcon_core.package_identification:_identify(.) by extension 'ignore_ament_install'
[0.648s] Level 1:colcon.colcon_core.package_identification:_identify(.) by extensions ['colcon_pkg']
[0.648s] Level 1:colcon.colcon_core.package_identification:_identify(.) by extension 'colcon_pkg'
[0.648s] Level 1:colcon.colcon_core.package_identification:_identify(.) by extensions ['colcon_meta']
[0.648s] Level 1:colcon.colcon_core.package_identification:_identify(.) by extension 'colcon_meta'
[0.649s] Level 1:colcon.colcon_core.package_identification:_identify(.) by extensions ['ros']
[0.649s] Level 1:colcon.colcon_core.package_identification:_identify(.) by extension 'ros'
[0.754s] Level 1:colcon.colcon_core.package_identification:_identify(.) by extensions ['cmake', 'python']
[0.755s] Level 1:colcon.colcon_core.package_identification:_identify(.) by extension 'cmake'
[0.755s] Level 1:colcon.colcon_core.package_identification:_identify(.) by extension 'python'
[0.755s] Level 1:colcon.colcon_core.package_identification:_identify(.) by extensions ['python_setup_py']
[0.755s] Level 1:colcon.colcon_core.package_identification:_identify(.) by extension 'python_setup_py'
[0.756s] Level 1:colcon.colcon_core.package_identification:_identify(build) by extensions ['ignore', 'ignore_ament_install']
[0.756s] Level 1:colcon.colcon_core.package_identification:_identify(build) by extension 'ignore'
[0.756s] Level 1:colcon.colcon_core.package_identification:_identify(build) ignored
[0.757s] Level 1:colcon.colcon_core.package_identification:_identify(install) by extensions ['ignore', 'ignore_ament_install']
[0.757s] Level 1:colcon.colcon_core.package_identification:_identify(install) by extension 'ignore'
[0.758s] Level 1:colcon.colcon_core.package_identification:_identify(install) ignored
[0.758s] Level 1:colcon.colcon_core.package_identification:_identify(log) by extensions ['ignore', 'ignore_ament_install']
[0.758s] Level 1:colcon.colcon_core.package_identification:_identify(log) by extension 'ignore'
[0.759s] Level 1:colcon.colcon_core.package_identification:_identify(log) ignored
[0.759s] Level 1:colcon.colcon_core.package_identification:_identify(pingui_controller) by extensions ['ignore', 'ignore_ament_install']
[0.759s] Level 1:colcon.colcon_core.package_identification:_identify(pingui_controller) by extension 'ignore'
[0.760s] Level 1:colcon.colcon_core.package_identification:_identify(pingui_controller) by extension 'ignore_ament_install'
[0.760s] Level 1:colcon.colcon_core.package_identification:_identify(pingui_controller) by extensions ['colcon_pkg']
[0.760s] Level 1:colcon.colcon_core.package_identification:_identify(pingui_controller) by extension 'colcon_pkg'
[0.760s] Level 1:colcon.colcon_core.package_identification:_identify(pingui_controller) by extensions ['colcon_meta']
[0.760s] Level 1:colcon.colcon_core.package_identification:_identify(pingui_controller) by extension 'colcon_meta'
[0.761s] Level 1:colcon.colcon_core.package_identification:_identify(pingui_controller) by extensions ['ros']
[0.761s] Level 1:colcon.colcon_core.package_identification:_identify(pingui_controller) by extension 'ros'
[0.774s] DEBUG:colcon.colcon_core.package_identification:Package 'pingui_controller' with type 'ros.ament_python' and name 'pingui_controller'
[0.775s] Level 1:colcon.colcon_core.package_identification:_identify(sensores) by extensions ['ignore', 'ignore_ament_install']
[0.776s] Level 1:colcon.colcon_core.package_identification:_identify(sensores) by extension 'ignore'
[0.776s] Level 1:colcon.colcon_core.package_identification:_identify(sensores) by extension 'ignore_ament_install'
[0.777s] Level 1:colcon.colcon_core.package_identification:_identify(sensores) by extensions ['colcon_pkg']
[0.777s] Level 1:colcon.colcon_core.package_identification:_identify(sensores) by extension 'colcon_pkg'
[0.777s] Level 1:colcon.colcon_core.package_identification:_identify(sensores) by extensions ['colcon_meta']
[0.778s] Level 1:colcon.colcon_core.package_identification:_identify(sensores) by extension 'colcon_meta'
[0.778s] Level 1:colcon.colcon_core.package_identification:_identify(sensores) by extensions ['ros']
[0.778s] Level 1:colcon.colcon_core.package_identification:_identify(sensores) by extension 'ros'
[0.781s] DEBUG:colcon.colcon_core.package_identification:Package 'sensores' with type 'ros.ament_python' and name 'sensores'
[0.781s] Level 1:colcon.colcon_core.package_discovery:discover_packages(recursive) using defaults
[0.782s] Level 1:colcon.colcon_core.package_discovery:discover_packages(ignore) discover
[0.782s] Level 1:colcon.colcon_core.package_discovery:discover_packages(ignore) using defaults
[0.782s] Level 1:colcon.colcon_core.package_discovery:discover_packages(path) discover
[0.782s] Level 1:colcon.colcon_core.package_discovery:discover_packages(path) using defaults
[0.853s] Level 1:colcon.colcon_core.package_discovery:discover_packages(prefix_path) check parameters
[0.854s] Level 1:colcon.colcon_core.package_discovery:discover_packages(prefix_path) discover
[0.862s] DEBUG:colcon.colcon_installed_package_information.package_discovery:Found 2 installed packages in /home/captainp/brain_captainp/src/install
[0.865s] DEBUG:colcon.colcon_installed_package_information.package_discovery:Found 2 installed packages in /home/captainp/brain_captainp/install
[0.879s] DEBUG:colcon.colcon_installed_package_information.package_discovery:Found 286 installed packages in /opt/ros/jazzy
[0.884s] Level 1:colcon.colcon_core.package_discovery:discover_packages(prefix_path) using defaults
[1.092s] Level 5:colcon.colcon_core.verb:set package 'pingui_controller' build argument 'cmake_args' from command line to 'None'
[1.092s] Level 5:colcon.colcon_core.verb:set package 'pingui_controller' build argument 'cmake_target' from command line to 'None'
[1.092s] Level 5:colcon.colcon_core.verb:set package 'pingui_controller' build argument 'cmake_target_skip_unavailable' from command line to 'False'
[1.092s] Level 5:colcon.colcon_core.verb:set package 'pingui_controller' build argument 'cmake_clean_cache' from command line to 'False'
[1.092s] Level 5:colcon.colcon_core.verb:set package 'pingui_controller' build argument 'cmake_clean_first' from command line to 'False'
[1.092s] Level 5:colcon.colcon_core.verb:set package 'pingui_controller' build argument 'cmake_force_configure' from command line to 'False'
[1.092s] Level 5:colcon.colcon_core.verb:set package 'pingui_controller' build argument 'ament_cmake_args' from command line to 'None'
[1.093s] Level 5:colcon.colcon_core.verb:set package 'pingui_controller' build argument 'catkin_cmake_args' from command line to 'None'
[1.093s] Level 5:colcon.colcon_core.verb:set package 'pingui_controller' build argument 'catkin_skip_building_tests' from command line to 'False'
[1.093s] DEBUG:colcon.colcon_core.verb:Building package 'pingui_controller' with the following arguments: {'ament_cmake_args': None, 'build_base': '/home/captainp/brain_captainp/src/build/pingui_controller', 'catkin_cmake_args': None, 'catkin_skip_building_tests': False, 'cmake_args': None, 'cmake_clean_cache': False, 'cmake_clean_first': False, 'cmake_force_configure': False, 'cmake_target': None, 'cmake_target_skip_unavailable': False, 'install_base': '/home/captainp/brain_captainp/src/install/pingui_controller', 'merge_install': False, 'path': '/home/captainp/brain_captainp/src/pingui_controller', 'symlink_install': False, 'test_result_base': None}
[1.094s] Level 5:colcon.colcon_core.verb:set package 'sensores' build argument 'cmake_args' from command line to 'None'
[1.094s] Level 5:colcon.colcon_core.verb:set package 'sensores' build argument 'cmake_target' from command line to 'None'
[1.094s] Level 5:colcon.colcon_core.verb:set package 'sensores' build argument 'cmake_target_skip_unavailable' from command line to 'False'
[1.095s] Level 5:colcon.colcon_core.verb:set package 'sensores' build argument 'cmake_clean_cache' from command line to 'False'
[1.095s] Level 5:colcon.colcon_core.verb:set package 'sensores' build argument 'cmake_clean_first' from command line to 'False'
[1.095s] Level 5:colcon.colcon_core.verb:set package 'sensores' build argument 'cmake_force_configure' from command line to 'False'
[1.095s] Level 5:colcon.colcon_core.verb:set package 'sensores' build argument 'ament_cmake_args' from command line to 'None'
[1.095s] Level 5:colcon.colcon_core.verb:set package 'sensores' build argument 'catkin_cmake_args' from command line to 'None'
[1.095s] Level 5:colcon.colcon_core.verb:set package 'sensores' build argument 'catkin_skip_building_tests' from command line to 'False'
[1.095s] DEBUG:colcon.colcon_core.verb:Building package 'sensores' with the following arguments: {'ament_cmake_args': None, 'build_base': '/home/captainp/brain_captainp/src/build/sensores', 'catkin_cmake_args': None, 'catkin_skip_building_tests': False, 'cmake_args': None, 'cmake_clean_cache': False, 'cmake_clean_first': False, 'cmake_force_configure': False, 'cmake_target': None, 'cmake_target_skip_unavailable': False, 'install_base': '/home/captainp/brain_captainp/src/install/sensores', 'merge_install': False, 'path': '/home/captainp/brain_captainp/src/sensores', 'symlink_install': False, 'test_result_base': None}
[1.096s] INFO:colcon.colcon_core.executor:Executing jobs using 'parallel' executor
[1.099s] DEBUG:colcon.colcon_parallel_executor.executor.parallel:run_until_complete
[1.100s] INFO:colcon.colcon_ros.task.ament_python.build:Building ROS package in '/home/captainp/brain_captainp/src/pingui_controller' with build type 'ament_python'
[1.101s] Level 1:colcon.colcon_core.shell:create_environment_hook('pingui_controller', 'ament_prefix_path')
[1.118s] INFO:colcon.colcon_core.plugin_system:Skipping extension 'colcon_core.shell.bat': Not used on non-Windows systems
[1.119s] INFO:colcon.colcon_core.shell:Creating environment hook '/home/captainp/brain_captainp/src/install/pingui_controller/share/pingui_controller/hook/ament_prefix_path.ps1'
[1.122s] INFO:colcon.colcon_core.shell:Creating environment descriptor '/home/captainp/brain_captainp/src/install/pingui_controller/share/pingui_controller/hook/ament_prefix_path.dsv'
[1.125s] INFO:colcon.colcon_core.shell:Creating environment hook '/home/captainp/brain_captainp/src/install/pingui_controller/share/pingui_controller/hook/ament_prefix_path.sh'
[1.129s] INFO:colcon.colcon_core.shell:Skip shell extension 'powershell' for command environment: Not usable outside of PowerShell
[1.129s] DEBUG:colcon.colcon_core.shell:Skip shell extension 'dsv' for command environment
[1.165s] INFO:colcon.colcon_ros.task.ament_python.build:Building ROS package in '/home/captainp/brain_captainp/src/sensores' with build type 'ament_python'
[1.166s] Level 1:colcon.colcon_core.shell:create_environment_hook('sensores', 'ament_prefix_path')
[1.167s] INFO:colcon.colcon_core.shell:Creating environment hook '/home/captainp/brain_captainp/src/install/sensores/share/sensores/hook/ament_prefix_path.ps1'
[1.172s] INFO:colcon.colcon_core.shell:Creating environment descriptor '/home/captainp/brain_captainp/src/install/sensores/share/sensores/hook/ament_prefix_path.dsv'
[1.177s] INFO:colcon.colcon_core.shell:Creating environment hook '/home/captainp/brain_captainp/src/install/sensores/share/sensores/hook/ament_prefix_path.sh'
[1.185s] INFO:colcon.colcon_core.shell:Skip shell extension 'powershell' for command environment: Not usable outside of PowerShell
[1.185s] DEBUG:colcon.colcon_core.shell:Skip shell extension 'dsv' for command environment
[2.505s] INFO:colcon.colcon_core.task.python.build:Building Python package in '/home/captainp/brain_captainp/src/pingui_controller'
[2.506s] INFO:colcon.colcon_core.shell:Skip shell extension 'powershell' for command environment: Not usable outside of PowerShell
[2.506s] DEBUG:colcon.colcon_core.shell:Skip shell extension 'dsv' for command environment
[3.736s] INFO:colcon.colcon_core.task.python.build:Building Python package in '/home/captainp/brain_captainp/src/sensores'
[3.738s] INFO:colcon.colcon_core.shell:Skip shell extension 'powershell' for command environment: Not usable outside of PowerShell
[3.740s] DEBUG:colcon.colcon_core.shell:Skip shell extension 'dsv' for command environment
[7.819s] DEBUG:colcon.colcon_core.event_handler.log_command:Invoking command in '/home/captainp/brain_captainp/src/pingui_controller': DEBUGINFOD_URLS=https://debuginfod.ubuntu.com PYTHONPATH=/home/captainp/brain_captainp/src/build/pingui_controller/prefix_override:/usr/lib/python3/dist-packages/colcon_core/task/python/colcon_distutils_commands:/home/captainp/brain_captainp/src/install/pingui_controller/lib/python3.12/site-packages:${PYTHONPATH} /usr/bin/python3 -W ignore:setup.py install is deprecated -W ignore:easy_install command is deprecated setup.py egg_info --egg-base ../build/pingui_controller build --build-base /home/captainp/brain_captainp/src/build/pingui_controller/build install --record /home/captainp/brain_captainp/src/build/pingui_controller/install.log --single-version-externally-managed install_data
[7.857s] DEBUG:colcon.colcon_core.event_handler.log_command:Invoking command in '/home/captainp/brain_captainp/src/sensores': DEBUGINFOD_URLS=https://debuginfod.ubuntu.com PYTHONPATH=/home/captainp/brain_captainp/src/build/sensores/prefix_override:/usr/lib/python3/dist-packages/colcon_core/task/python/colcon_distutils_commands:/home/captainp/brain_captainp/src/install/sensores/lib/python3.12/site-packages:${PYTHONPATH} /usr/bin/python3 -W ignore:setup.py install is deprecated -W ignore:easy_install command is deprecated setup.py egg_info --egg-base ../build/sensores build --build-base /home/captainp/brain_captainp/src/build/sensores/build install --record /home/captainp/brain_captainp/src/build/sensores/install.log --single-version-externally-managed install_data
[12.066s] DEBUG:colcon.colcon_core.event_handler.log_command:Invoked command in '/home/captainp/brain_captainp/src/pingui_controller' returned '0': DEBUGINFOD_URLS=https://debuginfod.ubuntu.com PYTHONPATH=/home/captainp/brain_captainp/src/build/pingui_controller/prefix_override:/usr/lib/python3/dist-packages/colcon_core/task/python/colcon_distutils_commands:/home/captainp/brain_captainp/src/install/pingui_controller/lib/python3.12/site-packages:${PYTHONPATH} /usr/bin/python3 -W ignore:setup.py install is deprecated -W ignore:easy_install command is deprecated setup.py egg_info --egg-base ../build/pingui_controller build --build-base /home/captainp/brain_captainp/src/build/pingui_controller/build install --record /home/captainp/brain_captainp/src/build/pingui_controller/install.log --single-version-externally-managed install_data
[12.108s] Level 1:colcon.colcon_core.environment:checking '/home/captainp/brain_captainp/src/install/pingui_controller' for CMake module files
[12.115s] Level 1:colcon.colcon_core.environment:checking '/home/captainp/brain_captainp/src/install/pingui_controller' for CMake config files
[12.125s] Level 1:colcon.colcon_core.environment:checking '/home/captainp/brain_captainp/src/install/pingui_controller/lib'
[12.127s] Level 1:colcon.colcon_core.environment:checking '/home/captainp/brain_captainp/src/install/pingui_controller/bin'
[12.129s] Level 1:colcon.colcon_core.environment:checking '/home/captainp/brain_captainp/src/install/pingui_controller/lib/pkgconfig/pingui_controller.pc'
[12.131s] Level 1:colcon.colcon_core.environment:checking '/home/captainp/brain_captainp/src/install/pingui_controller/lib/python3.12/site-packages'
[12.133s] Level 1:colcon.colcon_core.shell:create_environment_hook('pingui_controller', 'pythonpath')
[12.135s] INFO:colcon.colcon_core.shell:Creating environment hook '/home/captainp/brain_captainp/src/install/pingui_controller/share/pingui_controller/hook/pythonpath.ps1'
[12.139s] INFO:colcon.colcon_core.shell:Creating environment descriptor '/home/captainp/brain_captainp/src/install/pingui_controller/share/pingui_controller/hook/pythonpath.dsv'
[12.143s] INFO:colcon.colcon_core.shell:Creating environment hook '/home/captainp/brain_captainp/src/install/pingui_controller/share/pingui_controller/hook/pythonpath.sh'
[12.151s] Level 1:colcon.colcon_core.environment:checking '/home/captainp/brain_captainp/src/install/pingui_controller/bin'
[12.153s] Level 1:colcon.colcon_core.environment:create_environment_scripts_only(pingui_controller)
[12.160s] INFO:colcon.colcon_core.shell:Creating package script '/home/captainp/brain_captainp/src/install/pingui_controller/share/pingui_controller/package.ps1'
[12.167s] INFO:colcon.colcon_core.shell:Creating package descriptor '/home/captainp/brain_captainp/src/install/pingui_controller/share/pingui_controller/package.dsv'
[12.171s] INFO:colcon.colcon_core.shell:Creating package script '/home/captainp/brain_captainp/src/install/pingui_controller/share/pingui_controller/package.sh'
[12.179s] INFO:colcon.colcon_core.shell:Creating package script '/home/captainp/brain_captainp/src/install/pingui_controller/share/pingui_controller/package.bash'
[12.185s] INFO:colcon.colcon_core.shell:Creating package script '/home/captainp/brain_captainp/src/install/pingui_controller/share/pingui_controller/package.zsh'
[12.192s] Level 1:colcon.colcon_core.environment:create_file_with_runtime_dependencies(/home/captainp/brain_captainp/src/install/pingui_controller/share/colcon-core/packages/pingui_controller)
[12.199s] Level 1:colcon.colcon_core.environment:checking '/home/captainp/brain_captainp/src/install/sensores' for CMake module files
[12.209s] DEBUG:colcon.colcon_core.event_handler.log_command:Invoked command in '/home/captainp/brain_captainp/src/sensores' returned '0': DEBUGINFOD_URLS=https://debuginfod.ubuntu.com PYTHONPATH=/home/captainp/brain_captainp/src/build/sensores/prefix_override:/usr/lib/python3/dist-packages/colcon_core/task/python/colcon_distutils_commands:/home/captainp/brain_captainp/src/install/sensores/lib/python3.12/site-packages:${PYTHONPATH} /usr/bin/python3 -W ignore:setup.py install is deprecated -W ignore:easy_install command is deprecated setup.py egg_info --egg-base ../build/sensores build --build-base /home/captainp/brain_captainp/src/build/sensores/build install --record /home/captainp/brain_captainp/src/build/sensores/install.log --single-version-externally-managed install_data
[12.217s] Level 1:colcon.colcon_core.environment:checking '/home/captainp/brain_captainp/src/install/sensores' for CMake config files
[12.221s] Level 1:colcon.colcon_core.environment:checking '/home/captainp/brain_captainp/src/install/sensores/lib'
[12.223s] Level 1:colcon.colcon_core.environment:checking '/home/captainp/brain_captainp/src/install/sensores/bin'
[12.223s] Level 1:colcon.colcon_core.environment:checking '/home/captainp/brain_captainp/src/install/sensores/lib/pkgconfig/sensores.pc'
[12.224s] Level 1:colcon.colcon_core.environment:checking '/home/captainp/brain_captainp/src/install/sensores/lib/python3.12/site-packages'
[12.225s] Level 1:colcon.colcon_core.shell:create_environment_hook('sensores', 'pythonpath')
[12.227s] INFO:colcon.colcon_core.shell:Creating environment hook '/home/captainp/brain_captainp/src/install/sensores/share/sensores/hook/pythonpath.ps1'
[12.230s] INFO:colcon.colcon_core.shell:Creating environment descriptor '/home/captainp/brain_captainp/src/install/sensores/share/sensores/hook/pythonpath.dsv'
[12.233s] INFO:colcon.colcon_core.shell:Creating environment hook '/home/captainp/brain_captainp/src/install/sensores/share/sensores/hook/pythonpath.sh'
[12.238s] Level 1:colcon.colcon_core.environment:checking '/home/captainp/brain_captainp/src/install/sensores/bin'
[12.238s] Level 1:colcon.colcon_core.environment:create_environment_scripts_only(sensores)
[12.240s] INFO:colcon.colcon_core.shell:Creating package script '/home/captainp/brain_captainp/src/install/sensores/share/sensores/package.ps1'
[12.246s] INFO:colcon.colcon_core.shell:Creating package descriptor '/home/captainp/brain_captainp/src/install/sensores/share/sensores/package.dsv'
[12.250s] INFO:colcon.colcon_core.shell:Creating package script '/home/captainp/brain_captainp/src/install/sensores/share/sensores/package.sh'
[12.254s] INFO:colcon.colcon_core.shell:Creating package script '/home/captainp/brain_captainp/src/install/sensores/share/sensores/package.bash'
[12.258s] INFO:colcon.colcon_core.shell:Creating package script '/home/captainp/brain_captainp/src/install/sensores/share/sensores/package.zsh'
[12.261s] Level 1:colcon.colcon_core.environment:create_file_with_runtime_dependencies(/home/captainp/brain_captainp/src/install/sensores/share/colcon-core/packages/sensores)
[12.266s] DEBUG:colcon.colcon_parallel_executor.executor.parallel:closing loop
[12.267s] DEBUG:colcon.colcon_parallel_executor.executor.parallel:loop closed
[12.267s] DEBUG:colcon.colcon_parallel_executor.executor.parallel:run_until_complete finished with '0'
[12.267s] DEBUG:colcon.colcon_core.event_reactor:joining thread
[12.312s] INFO:colcon.colcon_core.plugin_system:Skipping extension 'colcon_notification.desktop_notification.terminal_notifier': Not used on non-Darwin systems
[12.313s] INFO:colcon.colcon_core.plugin_system:Skipping extension 'colcon_notification.desktop_notification.win32': Not used on non-Windows systems
[12.314s] INFO:colcon.colcon_notification.desktop_notification:Sending desktop notification using 'notify2'
[12.443s] DEBUG:colcon.colcon_core.event_reactor:joined thread
[12.445s] INFO:colcon.colcon_core.shell:Creating prefix script '/home/captainp/brain_captainp/src/install/local_setup.ps1'
[12.455s] INFO:colcon.colcon_core.shell:Creating prefix util module '/home/captainp/brain_captainp/src/install/_local_setup_util_ps1.py'
[12.467s] INFO:colcon.colcon_core.shell:Creating prefix chain script '/home/captainp/brain_captainp/src/install/setup.ps1'
[12.474s] INFO:colcon.colcon_core.shell:Creating prefix script '/home/captainp/brain_captainp/src/install/local_setup.sh'
[12.478s] INFO:colcon.colcon_core.shell:Creating prefix util module '/home/captainp/brain_captainp/src/install/_local_setup_util_sh.py'
[12.484s] INFO:colcon.colcon_core.shell:Creating prefix chain script '/home/captainp/brain_captainp/src/install/setup.sh'
[12.493s] INFO:colcon.colcon_core.shell:Creating prefix script '/home/captainp/brain_captainp/src/install/local_setup.bash'
[12.500s] INFO:colcon.colcon_core.shell:Creating prefix chain script '/home/captainp/brain_captainp/src/install/setup.bash'
[12.507s] INFO:colcon.colcon_core.shell:Creating prefix script '/home/captainp/brain_captainp/src/install/local_setup.zsh'
[12.511s] INFO:colcon.colcon_core.shell:Creating prefix chain script '/home/captainp/brain_captainp/src/install/setup.zsh'
