running egg_info
writing ../build/sensores/sensores.egg-info/PKG-INFO
writing dependency_links to ../build/sensores/sensores.egg-info/dependency_links.txt
writing entry points to ../build/sensores/sensores.egg-info/entry_points.txt
writing requirements to ../build/sensores/sensores.egg-info/requires.txt
writing top-level names to ../build/sensores/sensores.egg-info/top_level.txt
reading manifest file '../build/sensores/sensores.egg-info/SOURCES.txt'
writing manifest file '../build/sensores/sensores.egg-info/SOURCES.txt'
running build
running build_py
copying sensores/imu.py -> /home/captainp/brain_captainp/src/build/sensores/build/lib/sensores
running install
running install_lib
copying /home/captainp/brain_captainp/src/build/sensores/build/lib/sensores/imu.py -> /home/captainp/brain_captainp/src/install/sensores/lib/python3.12/site-packages/sensores
byte-compiling /home/captainp/brain_captainp/src/install/sensores/lib/python3.12/site-packages/sensores/imu.py to imu.cpython-312.pyc
running install_data
running install_egg_info
removing '/home/captainp/brain_captainp/src/install/sensores/lib/python3.12/site-packages/sensores-0.0.0-py3.12.egg-info' (and everything under it)
Copying ../build/sensores/sensores.egg-info to /home/captainp/brain_captainp/src/install/sensores/lib/python3.12/site-packages/sensores-0.0.0-py3.12.egg-info
running install_scripts
Installing test_bumper script to /home/captainp/brain_captainp/src/install/sensores/lib/sensores
Installing test_gps script to /home/captainp/brain_captainp/src/install/sensores/lib/sensores
Installing test_imu script to /home/captainp/brain_captainp/src/install/sensores/lib/sensores
Installing test_ultrasonico script to /home/captainp/brain_captainp/src/install/sensores/lib/sensores
writing list of installed files to '/home/captainp/brain_captainp/src/build/sensores/install.log'
