[0.000000] (-) TimerEvent: {}
[0.001729] (pingui_controller) JobQueued: {'identifier': 'pingui_controller', 'dependencies': OrderedDict()}
[0.002513] (sensores) JobQueued: {'identifier': 'sensores', 'dependencies': OrderedDict()}
[0.003606] (pingui_controller) JobStarted: {'identifier': 'pingui_controller'}
[0.062366] (sensores) JobStarted: {'identifier': 'sensores'}
[0.099181] (-) TimerEvent: {}
[0.201152] (-) TimerEvent: {}
[0.301802] (-) TimerEvent: {}
[0.403123] (-) TimerEvent: {}
[0.504319] (-) TimerEvent: {}
[0.605096] (-) TimerEvent: {}
[0.705718] (-) TimerEvent: {}
[0.806565] (-) TimerEvent: {}
[0.907328] (-) TimerEvent: {}
[1.008061] (-) TimerEvent: {}
[1.108665] (-) TimerEvent: {}
[1.209335] (-) TimerEvent: {}
[1.310130] (-) TimerEvent: {}
[1.411260] (-) TimerEvent: {}
[1.512101] (-) TimerEvent: {}
[1.614504] (-) TimerEvent: {}
[1.715105] (-) TimerEvent: {}
[1.815751] (-) TimerEvent: {}
[1.916497] (-) TimerEvent: {}
[2.017263] (-) TimerEvent: {}
[2.117934] (-) TimerEvent: {}
[2.218640] (-) TimerEvent: {}
[2.319351] (-) TimerEvent: {}
[2.419964] (-) TimerEvent: {}
[2.520631] (-) TimerEvent: {}
[2.621298] (-) TimerEvent: {}
[2.722089] (-) TimerEvent: {}
[2.823480] (-) TimerEvent: {}
[2.927197] (-) TimerEvent: {}
[2.946538] (sensores) StderrLine: {'line': b'Traceback (most recent call last):\n  File "/usr/lib/python3/dist-packages/colcon_core/executor/__init__.py", line 91, in __call__\n    rc = await self.task(*args, **kwargs)\n         ^^^^^^^^^^^^^^^^^^^^^^^^^^^^^^^^\n  File "/usr/lib/python3/dist-packages/colcon_core/task/__init__.py", line 93, in __call__\n    return await task_method(*args, **kwargs)\n           ^^^^^^^^^^^^^^^^^^^^^^^^^^^^^^^^^^\n  File "/usr/lib/python3/dist-packages/colcon_ros/task/ament_python/build.py", line 51, in build\n    setup_py_data = get_setup_data(self.context.pkg, env)\n                    ^^^^^^^^^^^^^^^^^^^^^^^^^^^^^^^^^^^^^\n  File "/usr/lib/python3/dist-packages/colcon_core/task/python/__init__.py", line 20, in get_setup_data\n    return dict(pkg.metadata[key](env))\n                ^^^^^^^^^^^^^^^^^^^^^^\n  File "/usr/lib/python3/dist-packages/colcon_ros/package_augmentation/ros_ament_python.py", line 57, in getter\n    return get_setup_information(\n           ^^^^^^^^^^^^^^^^^^^^^^\n  File "/usr/lib/python3/dist-packages/colcon_python_setup_py/package_identification/python_setup_py.py", line 249, in get_setup_information\n    _setup_information_cache[hashable_env] = _get_setup_information(\n                                             ^^^^^^^^^^^^^^^^^^^^^^^\n  File "/usr/lib/python3/dist-packages/colcon_python_setup_py/package_identification/python_setup_py.py", line 296, in _get_setup_information\n    result = subprocess.run(\n             ^^^^^^^^^^^^^^^\n  File "/usr/lib/python3.12/subprocess.py", line 571, in run\n    raise CalledProcessError(retcode, process.args,\nsubprocess.CalledProcessError: Command \'[\'/usr/bin/python3\', \'-c\', \'import sys;from contextlib import suppress;exec("with suppress(ImportError):    from setuptools.extern.packaging.specifiers    import SpecifierSet");exec("with suppress(ImportError):    from packaging.specifiers import SpecifierSet");from distutils.core import run_setup;dist = run_setup(    \\\'setup.py\\\', script_args=(\\\'--dry-run\\\',), stop_after=\\\'config\\\');skip_keys = (\\\'cmdclass\\\', \\\'distclass\\\', \\\'ext_modules\\\', \\\'metadata\\\');data = {    key: value for key, value in dist.__dict__.items()     if (        not key.startswith(\\\'_\\\') and         not callable(value) and         key not in skip_keys and         key not in dist.display_option_names    )};data[\\\'metadata\\\'] = {    k: v for k, v in dist.metadata.__dict__.items()     if k not in (\\\'license_files\\\', \\\'provides_extras\\\')};sys.stdout.buffer.write(repr(data).encode(\\\'utf-8\\\'))\']\' returned non-zero exit status 1.\n'}
[2.953613] (sensores) JobEnded: {'identifier': 'sensores', 'rc': 1}
[2.956578] (pingui_controller) JobEnded: {'identifier': 'pingui_controller', 'rc': 'SIGINT'}
[2.963336] (-) EventReactorShutdown: {}
