[6.698s] Invoking command in '/home/captainp/brain_captainp/src/pingui_controller': DEBUGINFOD_URLS=https://debuginfod.ubuntu.com PYTHONPATH=/home/captainp/brain_captainp/src/build/pingui_controller/prefix_override:/usr/lib/python3/dist-packages/colcon_core/task/python/colcon_distutils_commands:/home/captainp/brain_captainp/src/install/pingui_controller/lib/python3.12/site-packages:${PYTHONPATH} /usr/bin/python3 -W ignore:setup.py install is deprecated -W ignore:easy_install command is deprecated setup.py egg_info --egg-base ../build/pingui_controller build --build-base /home/captainp/brain_captainp/src/build/pingui_controller/build install --record /home/captainp/brain_captainp/src/build/pingui_controller/install.log --single-version-externally-managed install_data
[8.910s] running egg_info
[9.046s] writing ../build/pingui_controller/pingui_controller.egg-info/PKG-INFO
[9.048s] writing dependency_links to ../build/pingui_controller/pingui_controller.egg-info/dependency_links.txt
[9.049s] writing entry points to ../build/pingui_controller/pingui_controller.egg-info/entry_points.txt
[9.051s] writing requirements to ../build/pingui_controller/pingui_controller.egg-info/requires.txt
[9.052s] writing top-level names to ../build/pingui_controller/pingui_controller.egg-info/top_level.txt
[9.353s] reading manifest file '../build/pingui_controller/pingui_controller.egg-info/SOURCES.txt'
[9.357s] writing manifest file '../build/pingui_controller/pingui_controller.egg-info/SOURCES.txt'
[9.362s] running build
[9.362s] running build_py
[9.366s] running install
[9.403s] running install_lib
[9.556s] running install_data
[9.559s] running install_egg_info
[9.702s] removing '/home/captainp/brain_captainp/src/install/pingui_controller/lib/python3.12/site-packages/pingui_controller-0.0.0-py3.12.egg-info' (and everything under it)
[9.705s] Copying ../build/pingui_controller/pingui_controller.egg-info to /home/captainp/brain_captainp/src/install/pingui_controller/lib/python3.12/site-packages/pingui_controller-0.0.0-py3.12.egg-info
[9.713s] running install_scripts
[10.705s] Installing test_node script to /home/captainp/brain_captainp/src/install/pingui_controller/lib/pingui_controller
[10.708s] writing list of installed files to '/home/captainp/brain_captainp/src/build/pingui_controller/install.log'
[10.964s] Invoked command in '/home/captainp/brain_captainp/src/pingui_controller' returned '0': DEBUGINFOD_URLS=https://debuginfod.ubuntu.com PYTHONPATH=/home/captainp/brain_captainp/src/build/pingui_controller/prefix_override:/usr/lib/python3/dist-packages/colcon_core/task/python/colcon_distutils_commands:/home/captainp/brain_captainp/src/install/pingui_controller/lib/python3.12/site-packages:${PYTHONPATH} /usr/bin/python3 -W ignore:setup.py install is deprecated -W ignore:easy_install command is deprecated setup.py egg_info --egg-base ../build/pingui_controller build --build-base /home/captainp/brain_captainp/src/build/pingui_controller/build install --record /home/captainp/brain_captainp/src/build/pingui_controller/install.log --single-version-externally-managed install_data
